Component: ARM Compiler 5.06 update 6 (build 750) Tool: armlink [4d35ed]

==============================================================================

Section Cross References

    startup_stm32l151xc.o(STACK) refers (Special) to heapauxi.o(.text) for __use_two_region_memory
    startup_stm32l151xc.o(HEAP) refers (Special) to heapauxi.o(.text) for __use_two_region_memory
    startup_stm32l151xc.o(RESET) refers (Special) to heapauxi.o(.text) for __use_two_region_memory
    startup_stm32l151xc.o(RESET) refers to startup_stm32l151xc.o(STACK) for __initial_sp
    startup_stm32l151xc.o(RESET) refers to startup_stm32l151xc.o(.text) for Reset_Handler
    startup_stm32l151xc.o(RESET) refers to stm32l1xx_it.o(i.NMI_Handler) for NMI_Handler
    startup_stm32l151xc.o(RESET) refers to stm32l1xx_it.o(i.HardFault_Handler) for HardFault_Handler
    startup_stm32l151xc.o(RESET) refers to stm32l1xx_it.o(i.MemManage_Handler) for MemManage_Handler
    startup_stm32l151xc.o(RESET) refers to stm32l1xx_it.o(i.BusFault_Handler) for BusFault_Handler
    startup_stm32l151xc.o(RESET) refers to stm32l1xx_it.o(i.UsageFault_Handler) for UsageFault_Handler
    startup_stm32l151xc.o(RESET) refers to stm32l1xx_it.o(i.SVC_Handler) for SVC_Handler
    startup_stm32l151xc.o(RESET) refers to stm32l1xx_it.o(i.DebugMon_Handler) for DebugMon_Handler
    startup_stm32l151xc.o(RESET) refers to stm32l1xx_it.o(i.PendSV_Handler) for PendSV_Handler
    startup_stm32l151xc.o(RESET) refers to stm32l1xx_it.o(i.SysTick_Handler) for SysTick_Handler
    startup_stm32l151xc.o(RESET) refers to stm32l1xx_it.o(i.USB_HP_IRQHandler) for USB_HP_IRQHandler
    startup_stm32l151xc.o(RESET) refers to stm32l1xx_it.o(i.USB_LP_IRQHandler) for USB_LP_IRQHandler
    startup_stm32l151xc.o(.text) refers (Special) to heapauxi.o(.text) for __use_two_region_memory
    startup_stm32l151xc.o(.text) refers to system_stm32l1xx.o(i.SystemInit) for SystemInit
    startup_stm32l151xc.o(.text) refers to __main.o(!!!main) for __main
    startup_stm32l151xc.o(.text) refers to startup_stm32l151xc.o(HEAP) for Heap_Mem
    startup_stm32l151xc.o(.text) refers to startup_stm32l151xc.o(STACK) for Stack_Mem
    main.o(i.SystemClock_Config) refers to rt_memclr_w.o(.text) for __aeabi_memclr4
    main.o(i.SystemClock_Config) refers to stm32l1xx_hal_rcc.o(i.HAL_RCC_OscConfig) for HAL_RCC_OscConfig
    main.o(i.SystemClock_Config) refers to main.o(i.Error_Handler) for Error_Handler
    main.o(i.SystemClock_Config) refers to stm32l1xx_hal_rcc.o(i.HAL_RCC_ClockConfig) for HAL_RCC_ClockConfig
    main.o(i.main) refers to stm32l1xx_hal.o(i.HAL_Init) for HAL_Init
    main.o(i.main) refers to main.o(i.SystemClock_Config) for SystemClock_Config
    main.o(i.main) refers to gpio.o(i.MX_GPIO_Init) for MX_GPIO_Init
    main.o(i.main) refers to stm32l1xx_hal_gpio.o(i.HAL_GPIO_WritePin) for HAL_GPIO_WritePin
    main.o(i.main) refers to fatfs.o(i.MX_FATFS_Init) for MX_FATFS_Init
    main.o(i.main) refers to mmc_stm32f1_spi.o(i.disk_ioctl) for disk_ioctl
    main.o(i.main) refers to usb_device.o(i.MX_USB_DEVICE_Init) for MX_USB_DEVICE_Init
    main.o(i.main) refers to main.o(.data) for _block_num
    gpio.o(i.MX_GPIO_Init) refers to rt_memclr_w.o(.text) for __aeabi_memclr4
    gpio.o(i.MX_GPIO_Init) refers to stm32l1xx_hal_gpio.o(i.HAL_GPIO_WritePin) for HAL_GPIO_WritePin
    gpio.o(i.MX_GPIO_Init) refers to stm32l1xx_hal_gpio.o(i.HAL_GPIO_Init) for HAL_GPIO_Init
    spi.o(i.HAL_SPI_MspDeInit) refers to stm32l1xx_hal_gpio.o(i.HAL_GPIO_DeInit) for HAL_GPIO_DeInit
    spi.o(i.HAL_SPI_MspInit) refers to rt_memclr_w.o(.text) for __aeabi_memclr4
    spi.o(i.HAL_SPI_MspInit) refers to stm32l1xx_hal_gpio.o(i.HAL_GPIO_Init) for HAL_GPIO_Init
    spi.o(i.MX_SPI1_Init) refers to stm32l1xx_hal_spi.o(i.HAL_SPI_Init) for HAL_SPI_Init
    spi.o(i.MX_SPI1_Init) refers to main.o(i.Error_Handler) for Error_Handler
    spi.o(i.MX_SPI1_Init) refers to spi.o(.bss) for hspi1
    stm32l1xx_it.o(i.SysTick_Handler) refers to stm32l1xx_hal.o(i.HAL_IncTick) for HAL_IncTick
    stm32l1xx_it.o(i.SysTick_Handler) refers to mmc_stm32f1_spi.o(i.disk_timerproc) for disk_timerproc
    stm32l1xx_it.o(i.USB_HP_IRQHandler) refers to stm32l1xx_hal_pcd.o(i.HAL_PCD_IRQHandler) for HAL_PCD_IRQHandler
    stm32l1xx_it.o(i.USB_HP_IRQHandler) refers to usbd_conf.o(.bss) for hpcd_USB_FS
    stm32l1xx_it.o(i.USB_LP_IRQHandler) refers to stm32l1xx_hal_pcd.o(i.HAL_PCD_IRQHandler) for HAL_PCD_IRQHandler
    stm32l1xx_it.o(i.USB_LP_IRQHandler) refers to usbd_conf.o(.bss) for hpcd_USB_FS
    usb_device.o(i.MX_USB_DEVICE_Init) refers to usbd_core.o(i.USBD_Init) for USBD_Init
    usb_device.o(i.MX_USB_DEVICE_Init) refers to main.o(i.Error_Handler) for Error_Handler
    usb_device.o(i.MX_USB_DEVICE_Init) refers to usbd_core.o(i.USBD_RegisterClass) for USBD_RegisterClass
    usb_device.o(i.MX_USB_DEVICE_Init) refers to usbd_msc.o(i.USBD_MSC_RegisterStorage) for USBD_MSC_RegisterStorage
[...]
    i.dir_find                               0x0800707c   Section        0  ff.o(i.dir_find)
    dir_find                                 0x0800707d   Thumb Code   108  ff.o(i.dir_find)
    i.dir_next                               0x080070e8   Section        0  ff.o(i.dir_next)
    dir_next                                 0x080070e9   Thumb Code   268  ff.o(i.dir_next)
    i.dir_register                           0x080071f4   Section        0  ff.o(i.dir_register)
    dir_register                             0x080071f5   Thumb Code    60  ff.o(i.dir_register)
    i.dir_sdi                                0x08007230   Section        0  ff.o(i.dir_sdi)
    dir_sdi                                  0x08007231   Thumb Code   154  ff.o(i.dir_sdi)
    i.disk_initialize                        0x080072cc   Section        0  mmc_stm32f1_spi.o(i.disk_initialize)
    i.disk_ioctl                             0x08007410   Section        0  mmc_stm32f1_spi.o(i.disk_ioctl)
    i.disk_read                              0x080076c8   Section        0  mmc_stm32f1_spi.o(i.disk_read)
    i.disk_status                            0x0800775c   Section        0  mmc_stm32f1_spi.o(i.disk_status)
    i.disk_timerproc                         0x08007770   Section        0  mmc_stm32f1_spi.o(i.disk_timerproc)
    i.disk_write                             0x080077b0   Section        0  mmc_stm32f1_spi.o(i.disk_write)
    i.enq_lock                               0x08007868   Section        0  ff.o(i.enq_lock)
    enq_lock                                 0x08007869   Thumb Code    34  ff.o(i.enq_lock)
    i.f_close                                0x08007890   Section        0  ff.o(i.f_close)
    i.f_lseek                                0x080078bc   Section        0  ff.o(i.f_lseek)
    i.f_mount                                0x08007b6c   Section        0  ff.o(i.f_mount)
    i.f_open                                 0x08007bcc   Section        0  ff.o(i.f_open)
    i.f_read                                 0x08007dfc   Section        0  ff.o(i.f_read)
    i.f_sync                                 0x08007fa8   Section        0  ff.o(i.f_sync)
    i.f_write                                0x08008048   Section        0  ff.o(i.f_write)
    i.find_volume                            0x08008238   Section        0  ff.o(i.find_volume)
    find_volume                              0x08008239   Thumb Code   750  ff.o(i.find_volume)
    i.follow_path                            0x08008538   Section        0  ff.o(i.follow_path)
    follow_path                              0x08008539   Thumb Code   162  ff.o(i.follow_path)
    i.get_fat                                0x080085da   Section        0  ff.o(i.get_fat)
    get_fat                                  0x080085db   Thumb Code   224  ff.o(i.get_fat)
    i.get_fattime                            0x080086ba   Section        0  fatfs.o(i.get_fattime)
    i.get_ldnumber                           0x080086be   Section        0  ff.o(i.get_ldnumber)
    get_ldnumber                             0x080086bf   Thumb Code    72  ff.o(i.get_ldnumber)
    i.inc_lock                               0x08008708   Section        0  ff.o(i.inc_lock)
    inc_lock                                 0x08008709   Thumb Code   182  ff.o(i.inc_lock)
    i.init_spi                               0x080087c4   Section        0  mmc_stm32f1_spi.o(i.init_spi)
    init_spi                                 0x080087c5   Thumb Code    30  mmc_stm32f1_spi.o(i.init_spi)
    i.ld_clust                               0x080087ec   Section        0  ff.o(i.ld_clust)
    ld_clust                                 0x080087ed   Thumb Code    38  ff.o(i.ld_clust)
    i.ld_dword                               0x08008812   Section        0  ff.o(i.ld_dword)
    ld_dword                                 0x08008813   Thumb Code    24  ff.o(i.ld_dword)
    i.ld_word                                0x0800882a   Section        0  ff.o(i.ld_word)
    ld_word                                  0x0800882b   Thumb Code    12  ff.o(i.ld_word)
    i.main                                   0x08008838   Section        0  main.o(i.main)
    i.mem_cmp                                0x0800887c   Section        0  ff.o(i.mem_cmp)
    mem_cmp                                  0x0800887d   Thumb Code    36  ff.o(i.mem_cmp)
    i.mem_cpy                                0x080088a0   Section        0  ff.o(i.mem_cpy)
    mem_cpy                                  0x080088a1   Thumb Code    26  ff.o(i.mem_cpy)
    i.mem_set                                0x080088ba   Section        0  ff.o(i.mem_set)
    mem_set                                  0x080088bb   Thumb Code    18  ff.o(i.mem_set)
    i.move_window                            0x080088cc   Section        0  ff.o(i.move_window)
    move_window                              0x080088cd   Thumb Code    52  ff.o(i.move_window)
    i.put_fat                                0x08008900   Section        0  ff.o(i.put_fat)
    put_fat                                  0x08008901   Thumb Code   312  ff.o(i.put_fat)
    i.rcvr_datablock                         0x08008a38   Section        0  mmc_stm32f1_spi.o(i.rcvr_datablock)
    rcvr_datablock                           0x08008a39   Thumb Code    66  mmc_stm32f1_spi.o(i.rcvr_datablock)
    i.rcvr_spi_multi                         0x08008a80   Section        0  mmc_stm32f1_spi.o(i.rcvr_spi_multi)
    rcvr_spi_multi                           0x08008a81   Thumb Code    26  mmc_stm32f1_spi.o(i.rcvr_spi_multi)
    i.remove_chain                           0x08008a9a   Section        0  ff.o(i.remove_chain)
    remove_chain                             0x08008a9b   Thumb Code   154  ff.o(i.remove_chain)
    i.select                                 0x08008b34   Section        0  mmc_stm32f1_spi.o(i.select)
    select                                   0x08008b35   Thumb Code    46  mmc_stm32f1_spi.o(i.select)
    i.send_cmd                               0x08008b68   Section        0  mmc_stm32f1_spi.o(i.send_cmd)
    send_cmd                                 0x08008b69   Thumb Code   150  mmc_stm32f1_spi.o(i.send_cmd)
    i.st_clust                               0x08008bfe   Section        0  ff.o(i.st_clust)
    st_clust                                 0x08008bff   Thumb Code    36  ff.o(i.st_clust)
    i.st_dword                               0x08008c22   Section        0  ff.o(i.st_dword)
    st_dword                                 0x08008c23   Thumb Code    24  ff.o(i.st_dword)
    i.st_word                                0x08008c3a   Section        0  ff.o(i.st_word)
    st_word                                  0x08008c3b   Thumb Code    12  ff.o(i.st_word)
    i.sync_fs                                0x08008c48   Section        0  ff.o(i.sync_fs)
    sync_fs                                  0x08008c49   Thumb Code   134  ff.o(i.sync_fs)
    i.sync_window                            0x08008cd8   Section        0  ff.o(i.sync_window)
    sync_window                              0x08008cd9   Thumb Code    82  ff.o(i.sync_window)
    i.validate                               0x08008d2a   Section        0  ff.o(i.validate)
    validate                                 0x08008d2b   Thumb Code    60  ff.o(i.validate)
    i.wait_ready                             0x08008d68   Section        0  mmc_stm32f1_spi.o(i.wait_ready)
    wait_ready                               0x08008d69   Thumb Code    42  mmc_stm32f1_spi.o(i.wait_ready)
    i.xchg_spi                               0x08008d98   Section        0  mmc_stm32f1_spi.o(i.xchg_spi)
    xchg_spi                                 0x08008d99   Thumb Code    40  mmc_stm32f1_spi.o(i.xchg_spi)
    i.xmit_datablock                         0x08008dc4   Section        0  mmc_stm32f1_spi.o(i.xmit_datablock)
    xmit_datablock                           0x08008dc5   Thumb Code    76  mmc_stm32f1_spi.o(i.xmit_datablock)
    i.xmit_spi_multi                         0x08008e10   Section        0  mmc_stm32f1_spi.o(i.xmit_spi_multi)
    xmit_spi_multi                           0x08008e11   Thumb Code    38  mmc_stm32f1_spi.o(i.xmit_spi_multi)
    .constdata                               0x08008e3c   Section       36  usbd_storage_if.o(.constdata)
    .constdata                               0x08008e60   Section       33  system_stm32l1xx.o(.constdata)
    .constdata                               0x08008e82   Section      156  ff.o(.constdata)
    ExCvt                                    0x08008e82   Data         128  ff.o(.constdata)
    cst                                      0x08008f02   Data          14  ff.o(.constdata)
    cst32                                    0x08008f10   Data          14  ff.o(.constdata)
    .constdata                               0x08008f1e   Section       23  usbd_msc_data.o(.constdata)
    .data                                    0x20000000   Section        8  main.o(.data)
    .data                                    0x20000008   Section       78  usbd_desc.o(.data)
    .data                                    0x20000058   Section       32  usbd_storage_if.o(.data)
    .data                                    0x20000078   Section        4  system_stm32l1xx.o(.data)
    .data                                    0x2000007c   Section       13  mmc_stm32f1_spi.o(.data)
    Stat                                     0x2000007c   Data           1  mmc_stm32f1_spi.o(.data)
    Timer1                                   0x20000080   Data           4  mmc_stm32f1_spi.o(.data)
    Timer2                                   0x20000084   Data           4  mmc_stm32f1_spi.o(.data)
    CardType                                 0x20000088   Data           1  mmc_stm32f1_spi.o(.data)
    .data                                    0x2000008c   Section       24  user_diskio.o(.data)
    Stat                                     0x2000008c   Data           1  user_diskio.o(.data)
    .data                                    0x200000a4   Section       20  fatfs.o(.data)
    .data                                    0x200000b8   Section       12  stm32l1xx_hal.o(.data)
    .data                                    0x200000c4   Section        6  ff.o(.data)
    FatFs                                    0x200000c4   Data           4  ff.o(.data)
    Fsid                                     0x200000c8   Data           2  ff.o(.data)
    .data                                    0x200000ca   Section        1  usbd_ctlreq.o(.data)
    cfgidx                                   0x200000ca   Data           1  usbd_ctlreq.o(.data)
    .data                                    0x200000cc   Section      162  usbd_msc.o(.data)
    .bss                                     0x20000170   Section       88  spi.o(.bss)
    .bss                                     0x200001c8   Section      668  usb_device.o(.bss)
    .bss                                     0x20000464   Section      512  usbd_desc.o(.bss)
    .bss                                     0x20000664   Section     4956  usbd_conf.o(.bss)
    mem                                      0x20000950   Data        4208  usbd_conf.o(.bss)
    .bss                                     0x200019c0   Section     1152  fatfs.o(.bss)
    .bss                                     0x20001e40   Section       32  ff.o(.bss)
    Files                                    0x20001e40   Data          32  ff.o(.bss)
    .bss                                     0x20001e60   Section       12  ff_gen_drv.o(.bss)
    .bss                                     0x20001e6c   Section       96  libspace.o(.bss)
    HEAP                                     0x20001ed0   Section      512  startup_stm32l151xc.o(HEAP)
    Heap_Mem                                 0x20001ed0   Data         512  startup_stm32l151xc.o(HEAP)
    STACK                                    0x200020d0   Section     4096  startup_stm32l151xc.o(STACK)
    Stack_Mem                                0x200020d0   Data        4096  startup_stm32l151xc.o(STACK)
    __initial_sp                             0x200030d0   Data           0  startup_stm32l151xc.o(STACK)

    Global Symbols

    Symbol Name                              Value     Ov Type        Size  Object(Section)

    BuildAttributes$$THM_ISAv4$P$D$K$B$S$PE$A:L22UL41UL21$X:L11$S22US41US21$IEEE1$IW$USESV6$~STKCKD$USESV7$~SHL$OSPACE$ROPI$EBA8$UX$STANDARDLIB$REQ8$PRES8$EABIv2 0x00000000   Number         0  anon$$obj.o ABSOLUTE
    __ARM_use_no_argv                        0x00000000   Number         0  main.o ABSOLUTE
    __ARM_exceptions_init                     - Undefined Weak Reference
    __alloca_initialize                       - Undefined Weak Reference
    __arm_preinit_                            - Undefined Weak Reference
    __cpp_initialize__aeabi_                  - Undefined Weak Reference
    __cxa_finalize                            - Undefined Weak Reference
    __rt_locale                               - Undefined Weak Reference
    __sigvec_lookup                           - Undefined Weak Reference
    _atexit_init                              - Undefined Weak Reference
    _call_atexit_fns                          - Undefined Weak Reference
    _clock_init                               - Undefined Weak Reference
    _fp_trap_init                             - Undefined Weak Reference
    _fp_trap_shutdown                         - Undefined Weak Reference
    _get_lc_collate                           - Undefined Weak Reference
    _get_lc_ctype                             - Undefined Weak Reference
    _get_lc_monetary                          - Undefined Weak Reference
    _get_lc_numeric                           - Undefined Weak Reference
    _get_lc_time                              - Undefined Weak Reference
    _getenv_init                              - Undefined Weak Reference
    _handle_redirection                       - Undefined Weak Reference
    _init_alloc                               - Undefined Weak Reference
    _init_user_alloc                          - Undefined Weak Reference
    _initio                                   - Undefined Weak Reference
    _rand_init                                - Undefined Weak Reference
    _signal_finish                            - Undefined Weak Reference
    _signal_init                              - Undefined Weak Reference
    _terminate_alloc                          - Undefined Weak Reference
    _terminate_user_alloc                     - Undefined Weak Reference
    _terminateio                              - Undefined Weak Reference
    __Vectors_Size                           0x00000124   Number         0  startup_stm32l151xc.o ABSOLUTE
    __Vectors                                0x08000000   Data           4  startup_stm32l151xc.o(RESET)
    __Vectors_End                            0x08000124   Data           0  startup_stm32l151xc.o(RESET)
    __main                                   0x08000125   Thumb Code     8  __main.o(!!!main)
    __scatterload                            0x0800012d   Thumb Code     0  __scatter.o(!!!scatter)
    __scatterload_rt2                        0x0800012d   Thumb Code    44  __scatter.o(!!!scatter)
    __scatterload_rt2_thumb_only             0x0800012d   Thumb Code     0  __scatter.o(!!!scatter)
    __scatterload_null                       0x0800013b   Thumb Code     0  __scatter.o(!!!scatter)
    __decompress                             0x08000161   Thumb Code    90  __dczerorl2.o(!!dczerorl2)
    __decompress1                            0x08000161   Thumb Code     0  __dczerorl2.o(!!dczerorl2)
    __scatterload_zeroinit                   0x080001bd   Thumb Code    28  __scatter_zi.o(!!handler_zi)
    __rt_lib_init                            0x080001d9   Thumb Code     0  libinit.o(.ARM.Collect$$libinit$$00000000)
    __rt_lib_init_alloca_1                   0x080001db   Thumb Code     0  libinit2.o(.ARM.Collect$$libinit$$0000002E)
    __rt_lib_init_argv_1                     0x080001db   Thumb Code     0  libinit2.o(.ARM.Collect$$libinit$$0000002C)
    __rt_lib_init_atexit_1                   0x080001db   Thumb Code     0  libinit2.o(.ARM.Collect$$libinit$$0000001B)
    __rt_lib_init_clock_1                    0x080001db   Thumb Code     0  libinit2.o(.ARM.Collect$$libinit$$00000021)
    __rt_lib_init_cpp_1                      0x080001db   Thumb Code     0  libinit2.o(.ARM.Collect$$libinit$$00000032)
    __rt_lib_init_exceptions_1               0x080001db   Thumb Code     0  libinit2.o(.ARM.Collect$$libinit$$00000030)
    __rt_lib_init_fp_1                       0x080001db   Thumb Code     0  libinit2.o(.ARM.Collect$$libinit$$00000002)
    __rt_lib_init_fp_trap_1                  0x080001db   Thumb Code     0  libinit2.o(.ARM.Collect$$libinit$$0000001F)
    __rt_lib_init_getenv_1                   0x080001db   Thumb Code     0  libinit2.o(.ARM.Collect$$libinit$$00000023)
    __rt_lib_init_heap_1                     0x080001db   Thumb Code     0  libinit2.o(.ARM.Collect$$libinit$$0000000A)
    __rt_lib_init_lc_collate_1               0x080001db   Thumb Code     0  libinit2.o(.ARM.Collect$$libinit$$00000011)
    __rt_lib_init_lc_ctype_1                 0x080001db   Thumb Code     0  libinit2.o(.ARM.Collect$$libinit$$00000013)
    __rt_lib_init_lc_monetary_1              0x080001db   Thumb Code     0  libinit2.o(.ARM.Collect$$libinit$$00000015)
    __rt_lib_init_lc_numeric_1               0x080001db   Thumb Code     0  libinit2.o(.ARM.Collect$$libinit$$00000017)
    __rt_lib_init_lc_time_1                  0x080001db   Thumb Code     0  libinit2.o(.ARM.Collect$$libinit$$00000019)
    __rt_lib_init_preinit_1                  0x080001db   Thumb Code     0  libinit2.o(.ARM.Collect$$libinit$$00000004)
    __rt_lib_init_rand_1                     0x080001db   Thumb Code     0  libinit2.o(.ARM.Collect$$libinit$$0000000E)
    __rt_lib_init_return                     0x080001db   Thumb Code     0  libinit2.o(.ARM.Collect$$libinit$$00000033)
    __rt_lib_init_signal_1                   0x080001db   Thumb Code     0  libinit2.o(.ARM.Collect$$libinit$$0000001D)
    __rt_lib_init_stdio_1                    0x080001db   Thumb Code     0  libinit2.o(.ARM.Collect$$libinit$$00000025)
    __rt_lib_init_user_alloc_1               0x080001db   Thumb Code     0  libinit2.o(.ARM.Collect$$libinit$$0000000C)
    __rt_lib_shutdown                        0x080001dd   Thumb Code     0  libshutdown.o(.ARM.Collect$$libshutdown$$00000000)
    __rt_lib_shutdown_cpp_1                  0x080001df   Thumb Code     0  libshutdown2.o(.ARM.Collect$$libshutdown$$00000002)
    __rt_lib_shutdown_fp_trap_1              0x080001df   Thumb Code     0  libshutdown2.o(.ARM.Collect$$libshutdown$$00000007)
    __rt_lib_shutdown_heap_1                 0x080001df   Thumb Code     0  libshutdown2.o(.ARM.Collect$$libshutdown$$0000000F)
    __rt_lib_shutdown_return                 0x080001df   Thumb Code     0  libshutdown2.o(.ARM.Collect$$libshutdown$$00000010)
    __rt_lib_shutdown_signal_1               0x080001df   Thumb Code     0  libshutdown2.o(.ARM.Collect$$libshutdown$$0000000A)
    __rt_lib_shutdown_stdio_1                0x080001df   Thumb Code     0  libshutdown2.o(.ARM.Collect$$libshutdown$$00000004)
    __rt_lib_shutdown_user_alloc_1           0x080001df   Thumb Code     0  libshutdown2.o(.ARM.Collect$$libshutdown$$0000000C)
    __rt_entry                               0x080001e1   Thumb Code     0  __rtentry.o(.ARM.Collect$$rtentry$$00000000)
    __rt_entry_presh_1                       0x080001e1   Thumb Code     0  __rtentry2.o(.ARM.Collect$$rtentry$$00000002)
    __rt_entry_sh                            0x080001e1   Thumb Code     0  __rtentry4.o(.ARM.Collect$$rtentry$$00000004)
    __rt_entry_li                            0x080001e7   Thumb Code     0  __rtentry2.o(.ARM.Collect$$rtentry$$0000000A)
    __rt_entry_postsh_1                      0x080001e7   Thumb Code     0  __rtentry2.o(.ARM.Collect$$rtentry$$00000009)
    __rt_entry_main                          0x080001eb   Thumb Code     0  __rtentry2.o(.ARM.Collect$$rtentry$$0000000D)
    __rt_entry_postli_1                      0x080001eb   Thumb Code     0  __rtentry2.o(.ARM.Collect$$rtentry$$0000000C)
    __rt_exit                                0x080001f3   Thumb Code     0  rtexit.o(.ARM.Collect$$rtexit$$00000000)
    __rt_exit_ls                             0x080001f5   Thumb Code     0  rtexit2.o(.ARM.Collect$$rtexit$$00000003)
    __rt_exit_prels_1                        0x080001f5   Thumb Code     0  rtexit2.o(.ARM.Collect$$rtexit$$00000002)
    __rt_exit_exit                           0x080001f9   Thumb Code     0  rtexit2.o(.ARM.Collect$$rtexit$$00000004)
    Reset_Handler                            0x08000201   Thumb Code     8  startup_stm32l151xc.o(.text)
    ADC1_IRQHandler                          0x0800021b   Thumb Code     0  startup_stm32l151xc.o(.text)
    COMP_ACQ_IRQHandler                      0x0800021b   Thumb Code     0  startup_stm32l151xc.o(.text)
    COMP_IRQHandler                          0x0800021b   Thumb Code     0  startup_stm32l151xc.o(.text)
    DAC_IRQHandler                           0x0800021b   Thumb Code     0  startup_stm32l151xc.o(.text)
    DMA1_Channel1_IRQHandler                 0x0800021b   Thumb Code     0  startup_stm32l151xc.o(.text)
    DMA1_Channel2_IRQHandler                 0x0800021b   Thumb Code     0  startup_stm32l151xc.o(.text)
    DMA1_Channel3_IRQHandler                 0x0800021b   Thumb Code     0  startup_stm32l151xc.o(.text)
    DMA1_Channel4_IRQHandler                 0x0800021b   Thumb Code     0  startup_stm32l151xc.o(.text)
    DMA1_Channel5_IRQHandler                 0x0800021b   Thumb Code     0  startup_stm32l151xc.o(.text)
    DMA1_Channel6_IRQHandler                 0x0800021b   Thumb Code     0  startup_stm32l151xc.o(.text)
    DMA1_Channel7_IRQHandler                 0x0800021b   Thumb Code     0  startup_stm32l151xc.o(.text)
    DMA2_Channel1_IRQHandler                 0x0800021b   Thumb Code     0  startup_stm32l151xc.o(.text)
    DMA2_Channel2_IRQHandler                 0x0800021b   Thumb Code     0  startup_stm32l151xc.o(.text)
    DMA2_Channel3_IRQHandler                 0x0800021b   Thumb Code     0  startup_stm32l151xc.o(.text)
    DMA2_Channel4_IRQHandler                 0x0800021b   Thumb Code     0  startup_stm32l151xc.o(.text)
    DMA2_Channel5_IRQHandler                 0x0800021b   Thumb Code     0  startup_stm32l151xc.o(.text)
    EXTI0_IRQHandler                         0x0800021b   Thumb Code     0  startup_stm32l151xc.o(.text)
    EXTI15_10_IRQHandler                     0x0800021b   Thumb Code     0  startup_stm32l151xc.o(.text)
    EXTI1_IRQHandler                         0x0800021b   Thumb Code     0  startup_stm32l151xc.o(.text)
    EXTI2_IRQHandler                         0x0800021b   Thumb Code     0  startup_stm32l151xc.o(.text)
    EXTI3_IRQHandler                         0x0800021b   Thumb Code     0  startup_stm32l151xc.o(.text)
    EXTI4_IRQHandler                         0x0800021b   Thumb Code     0  startup_stm32l151xc.o(.text)
    EXTI9_5_IRQHandler                       0x0800021b   Thumb Code     0  startup_stm32l151xc.o(.text)
    FLASH_IRQHandler                         0x0800021b   Thumb Code     0  startup_stm32l151xc.o(.text)
    I2C1_ER_IRQHandler                       0x0800021b   Thumb Code     0  startup_stm32l151xc.o(.text)
    I2C1_EV_IRQHandler                       0x0800021b   Thumb Code     0  startup_stm32l151xc.o(.text)
    I2C2_ER_IRQHandler                       0x0800021b   Thumb Code     0  startup_stm32l151xc.o(.text)
    I2C2_EV_IRQHandler                       0x0800021b   Thumb Code     0  startup_stm32l151xc.o(.text)
    PVD_IRQHandler                           0x0800021b   Thumb Code     0  startup_stm32l151xc.o(.text)
    RCC_IRQHandler                           0x0800021b   Thumb Code     0  startup_stm32l151xc.o(.text)
    RTC_Alarm_IRQHandler                     0x0800021b   Thumb Code     0  startup_stm32l151xc.o(.text)
    RTC_WKUP_IRQHandler                      0x0800021b   Thumb Code     0  startup_stm32l151xc.o(.text)
    SPI1_IRQHandler                          0x0800021b   Thumb Code     0  startup_stm32l151xc.o(.text)
    SPI2_IRQHandler                          0x0800021b   Thumb Code     0  startup_stm32l151xc.o(.text)
    SPI3_IRQHandler                          0x0800021b   Thumb Code     0  startup_stm32l151xc.o(.text)
    TAMPER_STAMP_IRQHandler                  0x0800021b   Thumb Code     0  startup_stm32l151xc.o(.text)
    TIM10_IRQHandler                         0x0800021b   Thumb Code     0  startup_stm32l151xc.o(.text)
    TIM11_IRQHandler                         0x0800021b   Thumb Code     0  startup_stm32l151xc.o(.text)
    TIM2_IRQHandler                          0x0800021b   Thumb Code     0  startup_stm32l151xc.o(.text)
    TIM3_IRQHandler                          0x0800021b   Thumb Code     0  startup_stm32l151xc.o(.text)
    TIM4_IRQHandler                          0x0800021b   Thumb Code     0  startup_stm32l151xc.o(.text)
    TIM5_IRQHandler                          0x0800021b   Thumb Code     0  startup_stm32l151xc.o(.text)
    TIM6_IRQHandler                          0x0800021b   Thumb Code     0  startup_stm32l151xc.o(.text)
    TIM7_IRQHandler                          0x0800021b   Thumb Code     0  startup_stm32l151xc.o(.text)
    TIM9_IRQHandler                          0x0800021b   Thumb Code     0  startup_stm32l151xc.o(.text)
    USART1_IRQHandler                        0x0800021b   Thumb Code     0  startup_stm32l151xc.o(.text)
    USART2_IRQHandler                        0x0800021b   Thumb Code     0  startup_stm32l151xc.o(.text)
    USART3_IRQHandler                        0x0800021b   Thumb Code     0  startup_stm32l151xc.o(.text)
    USB_FS_WKUP_IRQHandler                   0x0800021b   Thumb Code     0  startup_stm32l151xc.o(.text)
    WWDG_IRQHandler                          0x0800021b   Thumb Code     0  startup_stm32l151xc.o(.text)
    __user_initial_stackheap                 0x0800021d   Thumb Code     0  startup_stm32l151xc.o(.text)
    __aeabi_uldivmod                         0x08000241   Thumb Code     0  lludivv7m.o(.text)
    _ll_udiv                                 0x08000241   Thumb Code   238  lludivv7m.o(.text)
    __aeabi_memcpy4                          0x0800032f   Thumb Code     0  rt_memcpy_w.o(.text)
    __aeabi_memcpy8                          0x0800032f   Thumb Code     0  rt_memcpy_w.o(.text)
    __rt_memcpy_w                            0x0800032f   Thumb Code   100  rt_memcpy_w.o(.text)
    _memcpy_lastbytes_aligned                0x08000377   Thumb Code     0  rt_memcpy_w.o(.text)
    __aeabi_memclr4                          0x08000393   Thumb Code     0  rt_memclr_w.o(.text)
    __aeabi_memclr8                          0x08000393   Thumb Code     0  rt_memclr_w.o(.text)
    __rt_memclr_w                            0x08000393   Thumb Code    78  rt_memclr_w.o(.text)
    _memset_w                                0x08000397   Thumb Code     0  rt_memclr_w.o(.text)
    __use_two_region_memory                  0x080003e1   Thumb Code     2  heapauxi.o(.text)
    __rt_heap_escrow$2region                 0x080003e3   Thumb Code     2  heapauxi.o(.text)
    __rt_heap_expand$2region                 0x080003e5   Thumb Code     2  heapauxi.o(.text)
    __user_setup_stackheap                   0x080003e7   Thumb Code    74  sys_stackheap_outer.o(.text)
    exit                                     0x08000431   Thumb Code    18  exit.o(.text)
    __user_libspace                          0x08000445   Thumb Code     8  libspace.o(.text)
    __user_perproc_libspace                  0x08000445   Thumb Code     0  libspace.o(.text)
    __user_perthread_libspace                0x08000445   Thumb Code     0  libspace.o(.text)
    _sys_exit                                0x0800044d   Thumb Code     8  sys_exit.o(.text)
    __I$use$semihosting                      0x08000459   Thumb Code     0  use_no_semi.o(.text)
    __use_no_semihosting_swi                 0x08000459   Thumb Code     2  use_no_semi.o(.text)
    BusFault_Handler                         0x0800045b   Thumb Code     4  stm32l1xx_it.o(i.BusFault_Handler)
    __semihosting_library_function           0x0800045b   Thumb Code     0  indicate_semi.o(.text)
    DebugMon_Handler                         0x0800045f   Thumb Code     2  stm32l1xx_it.o(i.DebugMon_Handler)
    Error_Handler                            0x08000461   Thumb Code     6  main.o(i.Error_Handler)
    FATFS_LinkDriver                         0x08000467   Thumb Code    18  ff_gen_drv.o(i.FATFS_LinkDriver)
    FATFS_LinkDriverEx                       0x08000479   Thumb Code    78  ff_gen_drv.o(i.FATFS_LinkDriverEx)
    HAL_Delay                                0x08000565   Thumb Code    36  stm32l1xx_hal.o(i.HAL_Delay)
    HAL_GPIO_DeInit                          0x0800058d   Thumb Code   340  stm32l1xx_hal_gpio.o(i.HAL_GPIO_DeInit)
    HAL_GPIO_Init                            0x0800073d   Thumb Code   724  stm32l1xx_hal_gpio.o(i.HAL_GPIO_Init)
    HAL_GPIO_WritePin                        0x08000a71   Thumb Code    60  stm32l1xx_hal_gpio.o(i.HAL_GPIO_WritePin)
    HAL_GetTick                              0x08000ae9   Thumb Code     6  stm32l1xx_hal.o(i.HAL_GetTick)
    HAL_IncTick                              0x08000af5   Thumb Code    16  stm32l1xx_hal.o(i.HAL_IncTick)
    HAL_Init                                 0x08000b0d   Thumb Code    30  stm32l1xx_hal.o(i.HAL_Init)
    HAL_InitTick                             0x08000b2d   Thumb Code    74  stm32l1xx_hal.o(i.HAL_InitTick)
    HAL_MspInit                              0x08000b85   Thumb Code    88  stm32l1xx_hal_msp.o(i.HAL_MspInit)
    HAL_NVIC_EnableIRQ                       0x08000be1   Thumb Code    48  stm32l1xx_hal_cortex.o(i.HAL_NVIC_EnableIRQ)
    HAL_NVIC_SetPriority                     0x08000c4d   Thumb Code   152  stm32l1xx_hal_cortex.o(i.HAL_NVIC_SetPriority)
    HAL_NVIC_SetPriorityGrouping             0x08000d21   Thumb Code    66  stm32l1xx_hal_cortex.o(i.HAL_NVIC_SetPriorityGrouping)
    HAL_PCDEx_PMAConfig                      0x08000da9   Thumb Code    68  stm32l1xx_hal_pcd_ex.o(i.HAL_PCDEx_PMAConfig)
    HAL_PCDEx_SetConnectionState             0x08000ded   Thumb Code    32  usbd_conf.o(i.HAL_PCDEx_SetConnectionState)
    HAL_PCD_DataInStageCallback              0x08000e11   Thumb Code    32  usbd_conf.o(i.HAL_PCD_DataInStageCallback)
    HAL_PCD_DataOutStageCallback             0x08000e31   Thumb Code    32  usbd_conf.o(i.HAL_PCD_DataOutStageCallback)
    HAL_PCD_EP_Close                         0x08000e51   Thumb Code   106  stm32l1xx_hal_pcd.o(i.HAL_PCD_EP_Close)
    HAL_PCD_EP_ClrStall                      0x08000ebb   Thumb Code   124  stm32l1xx_hal_pcd.o(i.HAL_PCD_EP_ClrStall)
    HAL_PCD_EP_Flush                         0x080015b7   Thumb Code     6  stm32l1xx_hal_pcd.o(i.HAL_PCD_EP_Flush)
    HAL_PCD_EP_GetRxCount                    0x080015bd   Thumb Code    22  stm32l1xx_hal_pcd.o(i.HAL_PCD_EP_GetRxCount)
    HAL_PCD_EP_Open                          0x080015d3   Thumb Code   140  stm32l1xx_hal_pcd.o(i.HAL_PCD_EP_Open)
    HAL_PCD_EP_Receive                       0x0800165f   Thumb Code    76  stm32l1xx_hal_pcd.o(i.HAL_PCD_EP_Receive)
    HAL_PCD_EP_SetStall                      0x080016ab   Thumb Code   120  stm32l1xx_hal_pcd.o(i.HAL_PCD_EP_SetStall)
    HAL_PCD_EP_Transmit                      0x08001723   Thumb Code    86  stm32l1xx_hal_pcd.o(i.HAL_PCD_EP_Transmit)
    HAL_PCD_IRQHandler                       0x08001779   Thumb Code   366  stm32l1xx_hal_pcd.o(i.HAL_PCD_IRQHandler)
    HAL_PCD_Init                             0x080018e9   Thumb Code   304  stm32l1xx_hal_pcd.o(i.HAL_PCD_Init)
    HAL_PCD_MspInit                          0x08001a55   Thumb Code    74  usbd_conf.o(i.HAL_PCD_MspInit)
    HAL_PCD_ResetCallback                    0x08001aa9   Thumb Code    36  usbd_conf.o(i.HAL_PCD_ResetCallback)
    HAL_PCD_ResumeCallback                   0x08001acd   Thumb Code    14  usbd_conf.o(i.HAL_PCD_ResumeCallback)
    HAL_PCD_SOFCallback                      0x08001adb   Thumb Code    14  usbd_conf.o(i.HAL_PCD_SOFCallback)
    HAL_PCD_SetAddress                       0x08001ae9   Thumb Code    54  stm32l1xx_hal_pcd.o(i.HAL_PCD_SetAddress)
    HAL_PCD_SetupStageCallback               0x08001b1f   Thumb Code    18  usbd_conf.o(i.HAL_PCD_SetupStageCallback)
    HAL_PCD_Start                            0x08001b31   Thumb Code    60  stm32l1xx_hal_pcd.o(i.HAL_PCD_Start)
    HAL_PCD_SuspendCallback                  0x08001b6d   Thumb Code    30  usbd_conf.o(i.HAL_PCD_SuspendCallback)
    HAL_RCC_ClockConfig                      0x08001b91   Thumb Code   734  stm32l1xx_hal_rcc.o(i.HAL_RCC_ClockConfig)
    HAL_RCC_GetSysClockFreq                  0x08001ebd   Thumb Code   144  stm32l1xx_hal_rcc.o(i.HAL_RCC_GetSysClockFreq)
    HAL_RCC_OscConfig                        0x08001f5d   Thumb Code  2094  stm32l1xx_hal_rcc.o(i.HAL_RCC_OscConfig)
    HAL_SPI_DeInit                           0x0800279d   Thumb Code    90  stm32l1xx_hal_spi.o(i.HAL_SPI_DeInit)
    HAL_SPI_GetState                         0x0800283d   Thumb Code     8  stm32l1xx_hal_spi.o(i.HAL_SPI_GetState)
    HAL_SPI_Init                             0x08002845   Thumb Code   612  stm32l1xx_hal_spi.o(i.HAL_SPI_Init)
    HAL_SPI_MspDeInit                        0x08002aed   Thumb Code    34  spi.o(i.HAL_SPI_MspDeInit)
    HAL_SPI_MspInit                          0x08002b1d   Thumb Code   110  spi.o(i.HAL_SPI_MspInit)
    HAL_SPI_Transmit                         0x08002b99   Thumb Code   454  stm32l1xx_hal_spi.o(i.HAL_SPI_Transmit)
    HAL_SPI_TransmitReceive                  0x08002d99   Thumb Code   570  stm32l1xx_hal_spi.o(i.HAL_SPI_TransmitReceive)
    HAL_SYSTICK_Config                       0x0800300d   Thumb Code    52  stm32l1xx_hal_cortex.o(i.HAL_SYSTICK_Config)
    HardFault_Handler                        0x08003041   Thumb Code     4  stm32l1xx_it.o(i.HardFault_Handler)
    MSC_BOT_CplClrFeature                    0x080031c5   Thumb Code    60  usbd_msc_bot.o(i.MSC_BOT_CplClrFeature)
    MSC_BOT_DataIn                           0x08003201   Thumb Code    80  usbd_msc_bot.o(i.MSC_BOT_DataIn)
    MSC_BOT_DataOut                          0x08003251   Thumb Code    70  usbd_msc_bot.o(i.MSC_BOT_DataOut)
    MSC_BOT_DeInit                           0x08003297   Thumb Code    10  usbd_msc_bot.o(i.MSC_BOT_DeInit)
    MSC_BOT_Init                             0x080032a1   Thumb Code    70  usbd_msc_bot.o(i.MSC_BOT_Init)
    MSC_BOT_Reset                            0x080032e7   Thumb Code    34  usbd_msc_bot.o(i.MSC_BOT_Reset)
    MSC_BOT_SendCSW                          0x08003309   Thumb Code    60  usbd_msc_bot.o(i.MSC_BOT_SendCSW)
    MX_FATFS_Init                            0x080033a5   Thumb Code   162  fatfs.o(i.MX_FATFS_Init)
    MX_GPIO_Init                             0x0800347d   Thumb Code   300  gpio.o(i.MX_GPIO_Init)
    MX_USB_DEVICE_Init                       0x080035bd   Thumb Code    60  usb_device.o(i.MX_USB_DEVICE_Init)
    MemManage_Handler                        0x08003609   Thumb Code     4  stm32l1xx_it.o(i.MemManage_Handler)
    NMI_Handler                              0x0800360d   Thumb Code     4  stm32l1xx_it.o(i.NMI_Handler)
    PendSV_Handler                           0x08003a03   Thumb Code     2  stm32l1xx_it.o(i.PendSV_Handler)
    SCSI_ProcessCmd                          0x08003ba1   Thumb Code   238  usbd_msc_scsi.o(i.SCSI_ProcessCmd)
    SCSI_SenseCode                           0x080040ed   Thumb Code    78  usbd_msc_scsi.o(i.SCSI_SenseCode)
    SVC_Handler                              0x08004503   Thumb Code     2  stm32l1xx_it.o(i.SVC_Handler)
    SysTick_Handler                          0x08004505   Thumb Code    12  stm32l1xx_it.o(i.SysTick_Handler)
    SystemClock_Config                       0x08004511   Thumb Code   112  main.o(i.SystemClock_Config)
    SystemInit                               0x08004585   Thumb Code     2  system_stm32l1xx.o(i.SystemInit)
    USBD_ClrClassConfig                      0x08004587   Thumb Code    22  usbd_core.o(i.USBD_ClrClassConfig)
    USBD_CtlContinueRx                       0x080045db   Thumb Code    24  usbd_ioreq.o(i.USBD_CtlContinueRx)
    USBD_CtlContinueSendData                 0x080045f3   Thumb Code    24  usbd_ioreq.o(i.USBD_CtlContinueSendData)
    USBD_CtlError                            0x0800460b   Thumb Code    24  usbd_ctlreq.o(i.USBD_CtlError)
    USBD_CtlReceiveStatus                    0x08004623   Thumb Code    26  usbd_ioreq.o(i.USBD_CtlReceiveStatus)
    USBD_CtlSendData                         0x0800463d   Thumb Code    34  usbd_ioreq.o(i.USBD_CtlSendData)
    USBD_CtlSendStatus                       0x0800465f   Thumb Code    26  usbd_ioreq.o(i.USBD_CtlSendStatus)
    USBD_FS_ConfigStrDescriptor              0x08004679   Thumb Code    34  usbd_desc.o(i.USBD_FS_ConfigStrDescriptor)
    USBD_FS_DeviceDescriptor                 0x080046ad   Thumb Code    10  usbd_desc.o(i.USBD_FS_DeviceDescriptor)
    USBD_FS_InterfaceStrDescriptor           0x080046bd   Thumb Code    34  usbd_desc.o(i.USBD_FS_InterfaceStrDescriptor)
    USBD_FS_LangIDStrDescriptor              0x080046f5   Thumb Code    10  usbd_desc.o(i.USBD_FS_LangIDStrDescriptor)
    USBD_FS_ManufacturerStrDescriptor        0x08004705   Thumb Code    20  usbd_desc.o(i.USBD_FS_ManufacturerStrDescriptor)
    USBD_FS_ProductStrDescriptor             0x08004731   Thumb Code    34  usbd_desc.o(i.USBD_FS_ProductStrDescriptor)
    USBD_FS_SerialStrDescriptor              0x0800476d   Thumb Code    18  usbd_desc.o(i.USBD_FS_SerialStrDescriptor)
    USBD_GetString                           0x0800499b   Thumb Code    82  usbd_ctlreq.o(i.USBD_GetString)
    USBD_Init                                0x08004a19   Thumb Code    50  usbd_core.o(i.USBD_Init)
    USBD_LL_ClearStallEP                     0x08004a4b   Thumb Code    38  usbd_conf.o(i.USBD_LL_ClearStallEP)
    USBD_LL_CloseEP                          0x08004a71   Thumb Code    38  usbd_conf.o(i.USBD_LL_CloseEP)
    USBD_LL_DataInStage                      0x08004a97   Thumb Code   256  usbd_core.o(i.USBD_LL_DataInStage)
    USBD_LL_DataOutStage                     0x08004b97   Thumb Code   166  usbd_core.o(i.USBD_LL_DataOutStage)
    USBD_LL_FlushEP                          0x08004c3d   Thumb Code    38  usbd_conf.o(i.USBD_LL_FlushEP)
    USBD_LL_GetRxDataSize                    0x08004c63   Thumb Code    18  usbd_conf.o(i.USBD_LL_GetRxDataSize)
    USBD_LL_Init                             0x08004c75   Thumb Code   108  usbd_conf.o(i.USBD_LL_Init)
    USBD_LL_IsStallEP                        0x08004ce9   Thumb Code    56  usbd_conf.o(i.USBD_LL_IsStallEP)
    USBD_LL_OpenEP                           0x08004d21   Thumb Code    48  usbd_conf.o(i.USBD_LL_OpenEP)
    USBD_LL_PrepareReceive                   0x08004d51   Thumb Code    48  usbd_conf.o(i.USBD_LL_PrepareReceive)
    USBD_LL_Reset                            0x08004d81   Thumb Code    92  usbd_core.o(i.USBD_LL_Reset)
    USBD_LL_Resume                           0x08004ddd   Thumb Code    14  usbd_core.o(i.USBD_LL_Resume)
    USBD_LL_SOF                              0x08004deb   Thumb Code    34  usbd_core.o(i.USBD_LL_SOF)
    USBD_LL_SetSpeed                         0x08004e0d   Thumb Code     8  usbd_core.o(i.USBD_LL_SetSpeed)
    USBD_LL_SetUSBAddress                    0x08004e15   Thumb Code    38  usbd_conf.o(i.USBD_LL_SetUSBAddress)
    USBD_LL_SetupStage                       0x08004e3b   Thumb Code   110  usbd_core.o(i.USBD_LL_SetupStage)
    USBD_LL_StallEP                          0x08004ea9   Thumb Code    38  usbd_conf.o(i.USBD_LL_StallEP)
    USBD_LL_Start                            0x08004ecf   Thumb Code    30  usbd_conf.o(i.USBD_LL_Start)
    USBD_LL_Suspend                          0x08004eed   Thumb Code    20  usbd_core.o(i.USBD_LL_Suspend)
    USBD_LL_Transmit                         0x08004f01   Thumb Code    48  usbd_conf.o(i.USBD_LL_Transmit)
    USBD_MSC_DataIn                          0x08004f31   Thumb Code    18  usbd_msc.o(i.USBD_MSC_DataIn)
    USBD_MSC_DataOut                         0x08004f43   Thumb Code    18  usbd_msc.o(i.USBD_MSC_DataOut)
    USBD_MSC_DeInit                          0x08004f55   Thumb Code    62  usbd_msc.o(i.USBD_MSC_DeInit)
    USBD_MSC_GetDeviceQualifierDescriptor    0x08004f95   Thumb Code    10  usbd_msc.o(i.USBD_MSC_GetDeviceQualifierDescriptor)
    USBD_MSC_GetFSCfgDesc                    0x08004fa5   Thumb Code    10  usbd_msc.o(i.USBD_MSC_GetFSCfgDesc)
    USBD_MSC_GetHSCfgDesc                    0x08004fb5   Thumb Code    10  usbd_msc.o(i.USBD_MSC_GetHSCfgDesc)
    USBD_MSC_GetOtherSpeedCfgDesc            0x08004fc5   Thumb Code    10  usbd_msc.o(i.USBD_MSC_GetOtherSpeedCfgDesc)
    USBD_MSC_Init                            0x08004fd5   Thumb Code   114  usbd_msc.o(i.USBD_MSC_Init)
    USBD_MSC_RegisterStorage                 0x08005047   Thumb Code    12  usbd_msc.o(i.USBD_MSC_RegisterStorage)
    USBD_MSC_Setup                           0x08005053   Thumb Code   452  usbd_msc.o(i.USBD_MSC_Setup)
    USBD_ParseSetupRequest                   0x08005217   Thumb Code    40  usbd_ctlreq.o(i.USBD_ParseSetupRequest)
    USBD_RegisterClass                       0x0800523f   Thumb Code    16  usbd_core.o(i.USBD_RegisterClass)
    USBD_RunTestMode                         0x0800524f   Thumb Code     6  usbd_core.o(i.USBD_RunTestMode)
    USBD_SetClassConfig                      0x080052af   Thumb Code    34  usbd_core.o(i.USBD_SetClassConfig)
    USBD_Start                               0x080053d1   Thumb Code    14  usbd_core.o(i.USBD_Start)
    USBD_StdDevReq                           0x080053df   Thumb Code   162  usbd_ctlreq.o(i.USBD_StdDevReq)
    USBD_StdEPReq                            0x08005481   Thumb Code   568  usbd_ctlreq.o(i.USBD_StdEPReq)
    USBD_StdItfReq                           0x080056b9   Thumb Code   126  usbd_ctlreq.o(i.USBD_StdItfReq)
    USBD_static_free                         0x08005737   Thumb Code     2  usbd_conf.o(i.USBD_static_free)
    USBD_static_malloc                       0x08005739   Thumb Code     6  usbd_conf.o(i.USBD_static_malloc)
    USB_ActivateEndpoint                     0x08005745   Thumb Code  1100  stm32l1xx_ll_usb.o(i.USB_ActivateEndpoint)
    USB_DeactivateEndpoint                   0x08005b91   Thumb Code   636  stm32l1xx_ll_usb.o(i.USB_DeactivateEndpoint)
    USB_DevConnect                           0x08005e0d   Thumb Code     6  stm32l1xx_ll_usb.o(i.USB_DevConnect)
    USB_DevInit                              0x08005e13   Thumb Code    22  stm32l1xx_ll_usb.o(i.USB_DevInit)
    USB_DisableGlobalInt                     0x08005e29   Thumb Code    20  stm32l1xx_ll_usb.o(i.USB_DisableGlobalInt)
    USB_EPClearStall                         0x08005e3d   Thumb Code   218  stm32l1xx_ll_usb.o(i.USB_EPClearStall)
    USB_EPSetStall                           0x08005f17   Thumb Code    92  stm32l1xx_ll_usb.o(i.USB_EPSetStall)
    USB_EPStartXfer                          0x08005f73   Thumb Code  2954  stm32l1xx_ll_usb.o(i.USB_EPStartXfer)
    USB_EnableGlobalInt                      0x08006afd   Thumb Code    18  stm32l1xx_ll_usb.o(i.USB_EnableGlobalInt)
    USB_HP_IRQHandler                        0x08006b11   Thumb Code    10  stm32l1xx_it.o(i.USB_HP_IRQHandler)
    USB_LP_IRQHandler                        0x08006b21   Thumb Code    10  stm32l1xx_it.o(i.USB_LP_IRQHandler)
    USB_ReadInterrupts                       0x08006b31   Thumb Code     8  stm32l1xx_ll_usb.o(i.USB_ReadInterrupts)
    USB_ReadPMA                              0x08006b39   Thumb Code    74  stm32l1xx_ll_usb.o(i.USB_ReadPMA)
    USB_SetDevAddress                        0x08006b83   Thumb Code    14  stm32l1xx_ll_usb.o(i.USB_SetDevAddress)
    USB_WritePMA                             0x08006b91   Thumb Code    66  stm32l1xx_ll_usb.o(i.USB_WritePMA)
    USER_initialize                          0x08006bd3   Thumb Code    12  user_diskio.o(i.USER_initialize)
    USER_ioctl                               0x08006bdf   Thumb Code    20  user_diskio.o(i.USER_ioctl)
    USER_read                                0x08006bf3   Thumb Code    28  user_diskio.o(i.USER_read)
    USER_status                              0x08006c0f   Thumb Code    12  user_diskio.o(i.USER_status)
    USER_write                               0x08006c1b   Thumb Code    28  user_diskio.o(i.USER_write)
    UsageFault_Handler                       0x08006c37   Thumb Code     4  stm32l1xx_it.o(i.UsageFault_Handler)
    assert_failed                            0x08006c75   Thumb Code     2  main.o(i.assert_failed)
    disk_initialize                          0x080072cd   Thumb Code   310  mmc_stm32f1_spi.o(i.disk_initialize)
    disk_ioctl                               0x08007411   Thumb Code   686  mmc_stm32f1_spi.o(i.disk_ioctl)
    disk_read                                0x080076c9   Thumb Code   140  mmc_stm32f1_spi.o(i.disk_read)
    disk_status                              0x0800775d   Thumb Code    14  mmc_stm32f1_spi.o(i.disk_status)
    disk_timerproc                           0x08007771   Thumb Code    52  mmc_stm32f1_spi.o(i.disk_timerproc)
    disk_write                               0x080077b1   Thumb Code   174  mmc_stm32f1_spi.o(i.disk_write)
    f_close                                  0x08007891   Thumb Code    44  ff.o(i.f_close)
    f_lseek                                  0x080078bd   Thumb Code   688  ff.o(i.f_lseek)
    f_mount                                  0x08007b6d   Thumb Code    92  ff.o(i.f_mount)
    f_open                                   0x08007bcd   Thumb Code   560  ff.o(i.f_open)
    f_read                                   0x08007dfd   Thumb Code   428  ff.o(i.f_read)
    f_sync                                   0x08007fa9   Thumb Code   160  ff.o(i.f_sync)
    f_write                                  0x08008049   Thumb Code   494  ff.o(i.f_write)
    get_fattime                              0x080086bb   Thumb Code     4  fatfs.o(i.get_fattime)
    main                                     0x08008839   Thumb Code    54  main.o(i.main)
    STORAGE_Inquirydata_FS                   0x08008e3c   Data          36  usbd_storage_if.o(.constdata)
    PLLMulTable                              0x08008e60   Data           9  system_stm32l1xx.o(.constdata)
    AHBPrescTable                            0x08008e69   Data          16  system_stm32l1xx.o(.constdata)
    APBPrescTable                            0x08008e79   Data           8  system_stm32l1xx.o(.constdata)
    MSC_Page00_Inquiry_Data                  0x08008f1e   Data           7  usbd_msc_data.o(.constdata)
    MSC_Mode_Sense6_data                     0x08008f25   Data           8  usbd_msc_data.o(.constdata)
    MSC_Mode_Sense10_data                    0x08008f2d   Data           8  usbd_msc_data.o(.constdata)
    Region$$Table$$Base                      0x08008f38   Number         0  anon$$obj.o(Region$$Table)
    Region$$Table$$Limit                     0x08008f58   Number         0  anon$$obj.o(Region$$Table)
    _block_num                               0x20000000   Data           4  main.o(.data)
    _block_size                              0x20000004   Data           4  main.o(.data)
    FS_Desc                                  0x20000008   Data          28  usbd_desc.o(.data)
    USBD_FS_DeviceDesc                       0x20000024   Data          18  usbd_desc.o(.data)
    USBD_LangIDDesc                          0x20000038   Data           4  usbd_desc.o(.data)
    USBD_StringSerial                        0x2000003c   Data          26  usbd_desc.o(.data)
    USBD_Storage_Interface_fops_FS           0x20000058   Data          32  usbd_storage_if.o(.data)
    SystemCoreClock                          0x20000078   Data           4  system_stm32l1xx.o(.data)
    USER_Driver                              0x20000090   Data          20  user_diskio.o(.data)
    retUSER                                  0x200000a4   Data           1  fatfs.o(.data)
    USERPath                                 0x200000a5   Data           4  fatfs.o(.data)
    Retry                                    0x200000a9   Data           1  fatfs.o(.data)
    s1                                       0x200000ac   Data           4  fatfs.o(.data)
    s2                                       0x200000b0   Data           4  fatfs.o(.data)
    cnt                                      0x200000b4   Data           4  fatfs.o(.data)
    uwTick                                   0x200000b8   Data           4  stm32l1xx_hal.o(.data)
    uwTickPrio                               0x200000bc   Data           4  stm32l1xx_hal.o(.data)
    uwTickFreq                               0x200000c0   Data           4  stm32l1xx_hal.o(.data)
    USBD_MSC                                 0x200000cc   Data          56  usbd_msc.o(.data)
    USBD_MSC_CfgHSDesc                       0x20000104   Data          32  usbd_msc.o(.data)
    USBD_MSC_CfgFSDesc                       0x20000124   Data          32  usbd_msc.o(.data)
    USBD_MSC_OtherSpeedCfgDesc               0x20000144   Data          32  usbd_msc.o(.data)
    USBD_MSC_DeviceQualifierDesc             0x20000164   Data          10  usbd_msc.o(.data)
    hspi1                                    0x20000170   Data          88  spi.o(.bss)
    hUsbDeviceFS                             0x200001c8   Data         668  usb_device.o(.bss)
    USBD_StrDesc                             0x20000464   Data         512  usbd_desc.o(.bss)
    hpcd_USB_FS                              0x20000664   Data         748  usbd_conf.o(.bss)
    USERFatFS                                0x200019c0   Data         560  fatfs.o(.bss)
    USERFile                                 0x20001bf0   Data         560  fatfs.o(.bss)
    test_buffer                              0x20001e20   Data          32  fatfs.o(.bss)
    disk                                     0x20001e60   Data          12  ff_gen_drv.o(.bss)
    __libspace_start                         0x20001e6c   Data          96  libspace.o(.bss)
    __temporary_stack_top$libspace           0x20001ecc   Data           0  libspace.o(.bss)



==============================================================================

Memory Map of the image

  Image Entry point : 0x08000125

  Load Region LR_IROM1 (Base: 0x08000000, Size: 0x000090c8, Max: 0x00040000, ABSOLUTE, COMPRESSED[0x00009018])

    Execution Region ER_IROM1 (Exec base: 0x08000000, Load base: 0x08000000, Size: 0x00008f58, Max: 0x00040000, ABSOLUTE)

    Exec Addr    Load Addr    Size         Type   Attr      Idx    E Section Name        Object

    0x08000000   0x08000000   0x00000124   Data   RO            3    RESET               startup_stm32l151xc.o
    0x08000124   0x08000124   0x00000008   Code   RO         4103  * !!!main             c_w.l(__main.o)
    0x0800012c   0x0800012c   0x00000034   Code   RO         4272    !!!scatter          c_w.l(__scatter.o)
    0x08000160   0x08000160   0x0000005a   Code   RO         4270    !!dczerorl2         c_w.l(__dczerorl2.o)
    0x080001ba   0x080001ba   0x00000002   PAD
    0x080001bc   0x080001bc   0x0000001c   Code   RO         4274    !!handler_zi        c_w.l(__scatter_zi.o)
    0x080001d8   0x080001d8   0x00000002   Code   RO         4140    .ARM.Collect$$libinit$$00000000  c_w.l(libinit.o)
    0x080001da   0x080001da   0x00000000   Code   RO         4153    .ARM.Collect$$libinit$$00000002  c_w.l(libinit2.o)
    0x080001da   0x080001da   0x00000000   Code   RO         4155    .ARM.Collect$$libinit$$00000004  c_w.l(libinit2.o)
    0x080001da   0x080001da   0x00000000   Code   RO         4158    .ARM.Collect$$libinit$$0000000A  c_w.l(libinit2.o)
    0x080001da   0x080001da   0x00000000   Code   RO         4160    .ARM.Collect$$libinit$$0000000C  c_w.l(libinit2.o)
    0x080001da   0x080001da   0x00000000   Code   RO         4162    .ARM.Collect$$libinit$$0000000E  c_w.l(libinit2.o)
    0x080001da   0x080001da   0x00000000   Code   RO         4165    .ARM.Collect$$libinit$$00000011  c_w.l(libinit2.o)
    0x080001da   0x080001da   0x00000000   Code   RO         4167    .ARM.Collect$$libinit$$00000013  c_w.l(libinit2.o)
    0x080001da   0x080001da   0x00000000   Code   RO         4169    .ARM.Collect$$libinit$$00000015  c_w.l(libinit2.o)
    0x080001da   0x080001da   0x00000000   Code   RO         4171    .ARM.Collect$$libinit$$00000017  c_w.l(libinit2.o)
    0x080001da   0x080001da   0x00000000   Code   RO         4173    .ARM.Collect$$libinit$$00000019  c_w.l(libinit2.o)
    0x080001da   0x080001da   0x00000000   Code   RO         4175    .ARM.Collect$$libinit$$0000001B  c_w.l(libinit2.o)
    0x080001da   0x080001da   0x00000000   Code   RO         4177    .ARM.Collect$$libinit$$0000001D  c_w.l(libinit2.o)
    0x080001da   0x080001da   0x00000000   Code   RO         4179    .ARM.Collect$$libinit$$0000001F  c_w.l(libinit2.o)
    0x080001da   0x080001da   0x00000000   Code   RO         4181    .ARM.Collect$$libinit$$00000021  c_w.l(libinit2.o)
    0x080001da   0x080001da   0x00000000   Code   RO         4183    .ARM.Collect$$libinit$$00000023  c_w.l(libinit2.o)
    0x080001da   0x080001da   0x00000000   Code   RO         4185    .ARM.Collect$$libinit$$00000025  c_w.l(libinit2.o)
    0x080001da   0x080001da   0x00000000   Code   RO         4189    .ARM.Collect$$libinit$$0000002C  c_w.l(libinit2.o)
    0x080001da   0x080001da   0x00000000   Code   RO         4191    .ARM.Collect$$libinit$$0000002E  c_w.l(libinit2.o)
    0x080001da   0x080001da   0x00000000   Code   RO         4193    .ARM.Collect$$libinit$$00000030  c_w.l(libinit2.o)
    0x080001da   0x080001da   0x00000000   Code   RO         4195    .ARM.Collect$$libinit$$00000032  c_w.l(libinit2.o)
    0x080001da   0x080001da   0x00000002   Code   RO         4196    .ARM.Collect$$libinit$$00000033  c_w.l(libinit2.o)
    0x080001dc   0x080001dc   0x00000002   Code   RO         4227    .ARM.Collect$$libshutdown$$00000000  c_w.l(libshutdown.o)
    0x080001de   0x080001de   0x00000000   Code   RO         4253    .ARM.Collect$$libshutdown$$00000002  c_w.l(libshutdown2.o)
    0x080001de   0x080001de   0x00000000   Code   RO         4255    .ARM.Collect$$libshutdown$$00000004  c_w.l(libshutdown2.o)
    0x080001de   0x080001de   0x00000000   Code   RO         4258    .ARM.Collect$$libshutdown$$00000007  c_w.l(libshutdown2.o)
    0x080001de   0x080001de   0x00000000   Code   RO         4261    .ARM.Collect$$libshutdown$$0000000A  c_w.l(libshutdown2.o)
    0x080001de   0x080001de   0x00000000   Code   RO         4263    .ARM.Collect$$libshutdown$$0000000C  c_w.l(libshutdown2.o)
    0x080001de   0x080001de   0x00000000   Code   RO         4266    .ARM.Collect$$libshutdown$$0000000F  c_w.l(libshutdown2.o)
    0x080001de   0x080001de   0x00000002   Code   RO         4267    .ARM.Collect$$libshutdown$$00000010  c_w.l(libshutdown2.o)
    0x080001e0   0x080001e0   0x00000000   Code   RO         4105    .ARM.Collect$$rtentry$$00000000  c_w.l(__rtentry.o)
    0x080001e0   0x080001e0   0x00000000   Code   RO         4111    .ARM.Collect$$rtentry$$00000002  c_w.l(__rtentry2.o)
    0x080001e0   0x080001e0   0x00000006   Code   RO         4123    .ARM.Collect$$rtentry$$00000004  c_w.l(__rtentry4.o)
    0x080001e6   0x080001e6   0x00000000   Code   RO         4113    .ARM.Collect$$rtentry$$00000009  c_w.l(__rtentry2.o)
    0x080001e6   0x080001e6   0x00000004   Code   RO         4114    .ARM.Collect$$rtentry$$0000000A  c_w.l(__rtentry2.o)
    0x080001ea   0x080001ea   0x00000000   Code   RO         4116    .ARM.Collect$$rtentry$$0000000C  c_w.l(__rtentry2.o)
    0x080001ea   0x080001ea   0x00000008   Code   RO         4117    .ARM.Collect$$rtentry$$0000000D  c_w.l(__rtentry2.o)
    0x080001f2   0x080001f2   0x00000002   Code   RO         4144    .ARM.Collect$$rtexit$$00000000  c_w.l(rtexit.o)
    0x080001f4   0x080001f4   0x00000000   Code   RO         4200    .ARM.Collect$$rtexit$$00000002  c_w.l(rtexit2.o)
    0x080001f4   0x080001f4   0x00000004   Code   RO         4201    .ARM.Collect$$rtexit$$00000003  c_w.l(rtexit2.o)
    0x080001f8   0x080001f8   0x00000006   Code   RO         4202    .ARM.Collect$$rtexit$$00000004  c_w.l(rtexit2.o)
    0x080001fe   0x080001fe   0x00000002   PAD
    0x08000200   0x08000200   0x00000040   Code   RO            4    .text               startup_stm32l151xc.o
    0x08000240   0x08000240   0x000000ee   Code   RO         4095    .text               c_w.l(lludivv7m.o)
    0x0800032e   0x0800032e   0x00000064   Code   RO         4097    .text               c_w.l(rt_memcpy_w.o)
    0x08000392   0x08000392   0x0000004e   Code   RO         4099    .text               c_w.l(rt_memclr_w.o)
    0x080003e0   0x080003e0   0x00000006   Code   RO         4101    .text               c_w.l(heapauxi.o)
    0x080003e6   0x080003e6   0x0000004a   Code   RO         4127    .text               c_w.l(sys_stackheap_outer.o)
    0x08000430   0x08000430   0x00000012   Code   RO         4129    .text               c_w.l(exit.o)
    0x08000442   0x08000442   0x00000002   PAD
    0x08000444   0x08000444   0x00000008   Code   RO         4141    .text               c_w.l(libspace.o)
    0x0800044c   0x0800044c   0x0000000c   Code   RO         4197    .text               c_w.l(sys_exit.o)
    0x08000458   0x08000458   0x00000002   Code   RO         4216    .text               c_w.l(use_no_semi.o)
    0x0800045a   0x0800045a   0x00000000   Code   RO         4218    .text               c_w.l(indicate_semi.o)
    0x0800045a   0x0800045a   0x00000004   Code   RO          270    i.BusFault_Handler  stm32l1xx_it.o
    0x0800045e   0x0800045e   0x00000002   Code   RO          271    i.DebugMon_Handler  stm32l1xx_it.o
    0x08000460   0x08000460   0x00000006   Code   RO           13    i.Error_Handler     main.o
    0x08000466   0x08000466   0x00000012   Code   RO         3442    i.FATFS_LinkDriver  ff_gen_drv.o
    0x08000478   0x08000478   0x00000054   Code   RO         3443    i.FATFS_LinkDriverEx  ff_gen_drv.o
    0x080004cc   0x080004cc   0x00000014   Code   RO          844    i.FCLK_FAST         mmc_stm32f1_spi.o
    0x080004e0   0x080004e0   0x0000004c   Code   RO          845    i.FCLK_SLOW         mmc_stm32f1_spi.o
    0x0800052c   0x0800052c   0x00000038   Code   RO          441    i.Get_SerialNum     usbd_desc.o
    0x08000564   0x08000564   0x00000028   Code   RO         1479    i.HAL_Delay         stm32l1xx_hal.o
    0x0800058c   0x0800058c   0x000001b0   Code   RO         2174    i.HAL_GPIO_DeInit   stm32l1xx_hal_gpio.o
    0x0800073c   0x0800073c   0x00000334   Code   RO         2177    i.HAL_GPIO_Init     stm32l1xx_hal_gpio.o
    0x08000a70   0x08000a70   0x00000078   Code   RO         2181    i.HAL_GPIO_WritePin  stm32l1xx_hal_gpio.o
    0x08000ae8   0x08000ae8   0x0000000c   Code   RO         1483    i.HAL_GetTick       stm32l1xx_hal.o
    0x08000af4   0x08000af4   0x00000018   Code   RO         1489    i.HAL_IncTick       stm32l1xx_hal.o
    0x08000b0c   0x08000b0c   0x0000001e   Code   RO         1490    i.HAL_Init          stm32l1xx_hal.o
    0x08000b2a   0x08000b2a   0x00000002   PAD
    0x08000b2c   0x08000b2c   0x00000058   Code   RO         1491    i.HAL_InitTick      stm32l1xx_hal.o
    0x08000b84   0x08000b84   0x0000005c   Code   RO          362    i.HAL_MspInit       stm32l1xx_hal_msp.o
    0x08000be0   0x08000be0   0x0000006c   Code   RO         2520    i.HAL_NVIC_EnableIRQ  stm32l1xx_hal_cortex.o
    0x08000c4c   0x08000c4c   0x000000d4   Code   RO         2526    i.HAL_NVIC_SetPriority  stm32l1xx_hal_cortex.o
    0x08000d20   0x08000d20   0x00000088   Code   RO         2527    i.HAL_NVIC_SetPriorityGrouping  stm32l1xx_hal_cortex.o
    0x08000da8   0x08000da8   0x00000044   Code   RO         1300    i.HAL_PCDEx_PMAConfig  stm32l1xx_hal_pcd_ex.o
    0x08000dec   0x08000dec   0x00000024   Code   RO          595    i.HAL_PCDEx_SetConnectionState  usbd_conf.o
    0x08000e10   0x08000e10   0x00000020   Code   RO          597    i.HAL_PCD_DataInStageCallback  usbd_conf.o
    0x08000e30   0x08000e30   0x00000020   Code   RO          598    i.HAL_PCD_DataOutStageCallback  usbd_conf.o
    0x08000e50   0x08000e50   0x0000006a   Code   RO         1076    i.HAL_PCD_EP_Close  stm32l1xx_hal_pcd.o
    0x08000eba   0x08000eba   0x0000007c   Code   RO         1077    i.HAL_PCD_EP_ClrStall  stm32l1xx_hal_pcd.o
    0x08000f36   0x08000f36   0x00000158   Code   RO         1078    i.HAL_PCD_EP_DB_Receive  stm32l1xx_hal_pcd.o
    0x0800108e   0x0800108e   0x00000528   Code   RO         1079    i.HAL_PCD_EP_DB_Transmit  stm32l1xx_hal_pcd.o
    0x080015b6   0x080015b6   0x00000006   Code   RO         1080    i.HAL_PCD_EP_Flush  stm32l1xx_hal_pcd.o
    0x080015bc   0x080015bc   0x00000016   Code   RO         1081    i.HAL_PCD_EP_GetRxCount  stm32l1xx_hal_pcd.o
    0x080015d2   0x080015d2   0x0000008c   Code   RO         1082    i.HAL_PCD_EP_Open   stm32l1xx_hal_pcd.o
    0x0800165e   0x0800165e   0x0000004c   Code   RO         1083    i.HAL_PCD_EP_Receive  stm32l1xx_hal_pcd.o
    0x080016aa   0x080016aa   0x00000078   Code   RO         1084    i.HAL_PCD_EP_SetStall  stm32l1xx_hal_pcd.o
    0x08001722   0x08001722   0x00000056   Code   RO         1085    i.HAL_PCD_EP_Transmit  stm32l1xx_hal_pcd.o
    0x08001778   0x08001778   0x0000016e   Code   RO         1087    i.HAL_PCD_IRQHandler  stm32l1xx_hal_pcd.o
    0x080018e6   0x080018e6   0x00000002   PAD
    0x080018e8   0x080018e8   0x0000016c   Code   RO         1090    i.HAL_PCD_Init      stm32l1xx_hal_pcd.o
    0x08001a54   0x08001a54   0x00000054   Code   RO          603    i.HAL_PCD_MspInit   usbd_conf.o
    0x08001aa8   0x08001aa8   0x00000024   Code   RO          604    i.HAL_PCD_ResetCallback  usbd_conf.o
    0x08001acc   0x08001acc   0x0000000e   Code   RO          605    i.HAL_PCD_ResumeCallback  usbd_conf.o
    0x08001ada   0x08001ada   0x0000000e   Code   RO          606    i.HAL_PCD_SOFCallback  usbd_conf.o
    0x08001ae8   0x08001ae8   0x00000036   Code   RO         1096    i.HAL_PCD_SetAddress  stm32l1xx_hal_pcd.o
    0x08001b1e   0x08001b1e   0x00000012   Code   RO          607    i.HAL_PCD_SetupStageCallback  usbd_conf.o
    0x08001b30   0x08001b30   0x0000003c   Code   RO         1098    i.HAL_PCD_Start     stm32l1xx_hal_pcd.o
    0x08001b6c   0x08001b6c   0x00000024   Code   RO          608    i.HAL_PCD_SuspendCallback  usbd_conf.o
    0x08001b90   0x08001b90   0x0000032c   Code   RO         1647    i.HAL_RCC_ClockConfig  stm32l1xx_hal_rcc.o
    0x08001ebc   0x08001ebc   0x000000a0   Code   RO         1656    i.HAL_RCC_GetSysClockFreq  stm32l1xx_hal_rcc.o
    0x08001f5c   0x08001f5c   0x00000840   Code   RO         1659    i.HAL_RCC_OscConfig  stm32l1xx_hal_rcc.o
    0x0800279c   0x0800279c   0x000000a0   Code   RO         2733    i.HAL_SPI_DeInit    stm32l1xx_hal_spi.o
    0x0800283c   0x0800283c   0x00000008   Code   RO         2736    i.HAL_SPI_GetState  stm32l1xx_hal_spi.o
    0x08002844   0x08002844   0x000002a8   Code   RO         2738    i.HAL_SPI_Init      stm32l1xx_hal_spi.o
    0x08002aec   0x08002aec   0x00000030   Code   RO          228    i.HAL_SPI_MspDeInit  spi.o
    0x08002b1c   0x08002b1c   0x0000007c   Code   RO          229    i.HAL_SPI_MspInit   spi.o
    0x08002b98   0x08002b98   0x00000200   Code   RO         2746    i.HAL_SPI_Transmit  stm32l1xx_hal_spi.o
    0x08002d98   0x08002d98   0x00000274   Code   RO         2747    i.HAL_SPI_TransmitReceive  stm32l1xx_hal_spi.o
    0x0800300c   0x0800300c   0x00000034   Code   RO         2531    i.HAL_SYSTICK_Config  stm32l1xx_hal_cortex.o
    0x08003040   0x08003040   0x00000004   Code   RO          272    i.HardFault_Handler  stm32l1xx_it.o
    0x08003044   0x08003044   0x0000003e   Code   RO          442    i.IntToUnicode      usbd_desc.o
    0x08003082   0x08003082   0x00000048   Code   RO         3893    i.MSC_BOT_Abort     usbd_msc_bot.o
    0x080030ca   0x080030ca   0x00000002   PAD
    0x080030cc   0x080030cc   0x000000f8   Code   RO         3894    i.MSC_BOT_CBW_Decode  usbd_msc_bot.o
    0x080031c4   0x080031c4   0x0000003c   Code   RO         3895    i.MSC_BOT_CplClrFeature  usbd_msc_bot.o
    0x08003200   0x08003200   0x00000050   Code   RO         3896    i.MSC_BOT_DataIn    usbd_msc_bot.o
    0x08003250   0x08003250   0x00000046   Code   RO         3897    i.MSC_BOT_DataOut   usbd_msc_bot.o
    0x08003296   0x08003296   0x0000000a   Code   RO         3898    i.MSC_BOT_DeInit    usbd_msc_bot.o
    0x080032a0   0x080032a0   0x00000046   Code   RO         3899    i.MSC_BOT_Init      usbd_msc_bot.o
    0x080032e6   0x080032e6   0x00000022   Code   RO         3900    i.MSC_BOT_Reset     usbd_msc_bot.o
    0x08003308   0x08003308   0x00000040   Code   RO         3901    i.MSC_BOT_SendCSW   usbd_msc_bot.o
    0x08003348   0x08003348   0x0000005a   Code   RO         3902    i.MSC_BOT_SendData  usbd_msc_bot.o
    0x080033a2   0x080033a2   0x00000002   PAD
    0x080033a4   0x080033a4   0x000000d8   Code   RO         1030    i.MX_FATFS_Init     fatfs.o
    0x0800347c   0x0800347c   0x00000140   Code   RO          204    i.MX_GPIO_Init      gpio.o
    0x080035bc   0x080035bc   0x0000004c   Code   RO          386    i.MX_USB_DEVICE_Init  usb_device.o
    0x08003608   0x08003608   0x00000004   Code   RO          273    i.MemManage_Handler  stm32l1xx_it.o
    0x0800360c   0x0800360c   0x00000004   Code   RO          274    i.NMI_Handler       stm32l1xx_it.o
    0x08003610   0x08003610   0x000003f2   Code   RO         1102    i.PCD_EP_ISR_Handler  stm32l1xx_hal_pcd.o
    0x08003a02   0x08003a02   0x00000002   Code   RO          275    i.PendSV_Handler    stm32l1xx_it.o
    0x08003a04   0x08003a04   0x000000a8   Code   RO         1660    i.RCC_SetFlashLatencyFromMSIRange  stm32l1xx_hal_rcc.o
    0x08003aac   0x08003aac   0x00000036   Code   RO         3992    i.SCSI_CheckAddressRange  usbd_msc_scsi.o
    0x08003ae2   0x08003ae2   0x00000002   PAD
    0x08003ae4   0x08003ae4   0x00000064   Code   RO         3993    i.SCSI_Inquiry      usbd_msc_scsi.o
    0x08003b48   0x08003b48   0x0000002c   Code   RO         3994    i.SCSI_ModeSense10  usbd_msc_scsi.o
    0x08003b74   0x08003b74   0x0000002c   Code   RO         3995    i.SCSI_ModeSense6   usbd_msc_scsi.o
    0x08003ba0   0x08003ba0   0x000000ee   Code   RO         3996    i.SCSI_ProcessCmd   usbd_msc_scsi.o
    0x08003c8e   0x08003c8e   0x000000c8   Code   RO         3997    i.SCSI_ProcessRead  usbd_msc_scsi.o
    0x08003d56   0x08003d56   0x000000f8   Code   RO         3998    i.SCSI_ProcessWrite  usbd_msc_scsi.o
    0x08003e4e   0x08003e4e   0x000000e2   Code   RO         3999    i.SCSI_Read10       usbd_msc_scsi.o
    0x08003f30   0x08003f30   0x00000094   Code   RO         4000    i.SCSI_ReadCapacity10  usbd_msc_scsi.o
    0x08003fc4   0x08003fc4   0x0000008a   Code   RO         4001    i.SCSI_ReadFormatCapacity  usbd_msc_scsi.o
    0x0800404e   0x0800404e   0x0000009e   Code   RO         4002    i.SCSI_RequestSense  usbd_msc_scsi.o
    0x080040ec   0x080040ec   0x0000004e   Code   RO         4003    i.SCSI_SenseCode    usbd_msc_scsi.o
    0x0800413a   0x0800413a   0x00000010   Code   RO         4004    i.SCSI_StartStopUnit  usbd_msc_scsi.o
    0x0800414a   0x0800414a   0x0000005a   Code   RO         4005    i.SCSI_TestUnitReady  usbd_msc_scsi.o
    0x080041a4   0x080041a4   0x00000050   Code   RO         4006    i.SCSI_Verify10     usbd_msc_scsi.o
    0x080041f4   0x080041f4   0x00000122   Code   RO         4007    i.SCSI_Write10      usbd_msc_scsi.o
    0x08004316   0x08004316   0x00000002   PAD
    0x08004318   0x08004318   0x0000006c   Code   RO         2776    i.SPI_EndRxTxTransaction  stm32l1xx_hal_spi.o
    0x08004384   0x08004384   0x00000030   Code   RO          846    i.SPI_RxByte        mmc_stm32f1_spi.o
    0x080043b4   0x080043b4   0x0000000c   Code   RO          847    i.SPI_RxBytePtr     mmc_stm32f1_spi.o
    0x080043c0   0x080043c0   0x000000d8   Code   RO         2781    i.SPI_WaitFlagStateUntilTimeout  stm32l1xx_hal_spi.o
    0x08004498   0x08004498   0x00000018   Code   RO          531    i.STORAGE_GetCapacity_FS  usbd_storage_if.o
    0x080044b0   0x080044b0   0x00000004   Code   RO          532    i.STORAGE_GetMaxLun_FS  usbd_storage_if.o
    0x080044b4   0x080044b4   0x00000006   Code   RO          533    i.STORAGE_Init_FS   usbd_storage_if.o
    0x080044ba   0x080044ba   0x00000006   Code   RO          534    i.STORAGE_IsReady_FS  usbd_storage_if.o
    0x080044c0   0x080044c0   0x00000006   Code   RO          535    i.STORAGE_IsWriteProtected_FS  usbd_storage_if.o
    0x080044c6   0x080044c6   0x0000001e   Code   RO          536    i.STORAGE_Read_FS   usbd_storage_if.o
    0x080044e4   0x080044e4   0x0000001e   Code   RO          537    i.STORAGE_Write_FS  usbd_storage_if.o
    0x08004502   0x08004502   0x00000002   Code   RO          276    i.SVC_Handler       stm32l1xx_it.o
    0x08004504   0x08004504   0x0000000c   Code   RO          277    i.SysTick_Handler   stm32l1xx_it.o
    0x08004510   0x08004510   0x00000074   Code   RO           14    i.SystemClock_Config  main.o
    0x08004584   0x08004584   0x00000002   Code   RO          808    i.SystemInit        system_stm32l1xx.o
    0x08004586   0x08004586   0x00000016   Code   RO         3516    i.USBD_ClrClassConfig  usbd_core.o
    0x0800459c   0x0800459c   0x0000003e   Code   RO         3654    i.USBD_ClrFeature   usbd_ctlreq.o
    0x080045da   0x080045da   0x00000018   Code   RO         3749    i.USBD_CtlContinueRx  usbd_ioreq.o
    0x080045f2   0x080045f2   0x00000018   Code   RO         3750    i.USBD_CtlContinueSendData  usbd_ioreq.o
    0x0800460a   0x0800460a   0x00000018   Code   RO         3655    i.USBD_CtlError     usbd_ctlreq.o
    0x08004622   0x08004622   0x0000001a   Code   RO         3752    i.USBD_CtlReceiveStatus  usbd_ioreq.o
    0x0800463c   0x0800463c   0x00000022   Code   RO         3753    i.USBD_CtlSendData  usbd_ioreq.o
    0x0800465e   0x0800465e   0x0000001a   Code   RO         3754    i.USBD_CtlSendStatus  usbd_ioreq.o
    0x08004678   0x08004678   0x00000034   Code   RO          443    i.USBD_FS_ConfigStrDescriptor  usbd_desc.o
    0x080046ac   0x080046ac   0x00000010   Code   RO          444    i.USBD_FS_DeviceDescriptor  usbd_desc.o
    0x080046bc   0x080046bc   0x00000038   Code   RO          445    i.USBD_FS_InterfaceStrDescriptor  usbd_desc.o
    0x080046f4   0x080046f4   0x00000010   Code   RO          446    i.USBD_FS_LangIDStrDescriptor  usbd_desc.o
    0x08004704   0x08004704   0x0000002c   Code   RO          447    i.USBD_FS_ManufacturerStrDescriptor  usbd_desc.o
    0x08004730   0x08004730   0x0000003c   Code   RO          448    i.USBD_FS_ProductStrDescriptor  usbd_desc.o
    0x0800476c   0x0800476c   0x00000018   Code   RO          449    i.USBD_FS_SerialStrDescriptor  usbd_desc.o
    0x08004784   0x08004784   0x00000056   Code   RO         3656    i.USBD_GetConfig    usbd_ctlreq.o
    0x080047da   0x080047da   0x00000152   Code   RO         3657    i.USBD_GetDescriptor  usbd_ctlreq.o
    0x0800492c   0x0800492c   0x00000014   Code   RO         3658    i.USBD_GetLen       usbd_ctlreq.o
    0x08004940   0x08004940   0x0000005a   Code   RO         3659    i.USBD_GetStatus    usbd_ctlreq.o
    0x0800499a   0x0800499a   0x00000052   Code   RO         3660    i.USBD_GetString    usbd_ctlreq.o
    0x080049ec   0x080049ec   0x0000002c   Code   RO          609    i.USBD_Get_USB_Status  usbd_conf.o
    0x08004a18   0x08004a18   0x00000032   Code   RO         3518    i.USBD_Init         usbd_core.o
    0x08004a4a   0x08004a4a   0x00000026   Code   RO          610    i.USBD_LL_ClearStallEP  usbd_conf.o
    0x08004a70   0x08004a70   0x00000026   Code   RO          611    i.USBD_LL_CloseEP   usbd_conf.o
    0x08004a96   0x08004a96   0x00000100   Code   RO         3519    i.USBD_LL_DataInStage  usbd_core.o
    0x08004b96   0x08004b96   0x000000a6   Code   RO         3520    i.USBD_LL_DataOutStage  usbd_core.o
    0x08004c3c   0x08004c3c   0x00000026   Code   RO          614    i.USBD_LL_FlushEP   usbd_conf.o
    0x08004c62   0x08004c62   0x00000012   Code   RO          615    i.USBD_LL_GetRxDataSize  usbd_conf.o
    0x08004c74   0x08004c74   0x00000074   Code   RO          616    i.USBD_LL_Init      usbd_conf.o
    0x08004ce8   0x08004ce8   0x00000038   Code   RO          617    i.USBD_LL_IsStallEP  usbd_conf.o
    0x08004d20   0x08004d20   0x00000030   Code   RO          618    i.USBD_LL_OpenEP    usbd_conf.o
    0x08004d50   0x08004d50   0x00000030   Code   RO          619    i.USBD_LL_PrepareReceive  usbd_conf.o
    0x08004d80   0x08004d80   0x0000005c   Code   RO         3525    i.USBD_LL_Reset     usbd_core.o
    0x08004ddc   0x08004ddc   0x0000000e   Code   RO         3526    i.USBD_LL_Resume    usbd_core.o
    0x08004dea   0x08004dea   0x00000022   Code   RO         3527    i.USBD_LL_SOF       usbd_core.o
    0x08004e0c   0x08004e0c   0x00000008   Code   RO         3528    i.USBD_LL_SetSpeed  usbd_core.o
    0x08004e14   0x08004e14   0x00000026   Code   RO          620    i.USBD_LL_SetUSBAddress  usbd_conf.o
    0x08004e3a   0x08004e3a   0x0000006e   Code   RO         3529    i.USBD_LL_SetupStage  usbd_core.o
    0x08004ea8   0x08004ea8   0x00000026   Code   RO          621    i.USBD_LL_StallEP   usbd_conf.o
    0x08004ece   0x08004ece   0x0000001e   Code   RO          622    i.USBD_LL_Start     usbd_conf.o
    0x08004eec   0x08004eec   0x00000014   Code   RO         3530    i.USBD_LL_Suspend   usbd_core.o
    0x08004f00   0x08004f00   0x00000030   Code   RO          624    i.USBD_LL_Transmit  usbd_conf.o
    0x08004f30   0x08004f30   0x00000012   Code   RO         3809    i.USBD_MSC_DataIn   usbd_msc.o
    0x08004f42   0x08004f42   0x00000012   Code   RO         3810    i.USBD_MSC_DataOut  usbd_msc.o
    0x08004f54   0x08004f54   0x0000003e   Code   RO         3811    i.USBD_MSC_DeInit   usbd_msc.o
    0x08004f92   0x08004f92   0x00000002   PAD
    0x08004f94   0x08004f94   0x00000010   Code   RO         3812    i.USBD_MSC_GetDeviceQualifierDescriptor  usbd_msc.o
    0x08004fa4   0x08004fa4   0x00000010   Code   RO         3813    i.USBD_MSC_GetFSCfgDesc  usbd_msc.o
    0x08004fb4   0x08004fb4   0x00000010   Code   RO         3814    i.USBD_MSC_GetHSCfgDesc  usbd_msc.o
    0x08004fc4   0x08004fc4   0x00000010   Code   RO         3815    i.USBD_MSC_GetOtherSpeedCfgDesc  usbd_msc.o
    0x08004fd4   0x08004fd4   0x00000072   Code   RO         3816    i.USBD_MSC_Init     usbd_msc.o
    0x08005046   0x08005046   0x0000000c   Code   RO         3817    i.USBD_MSC_RegisterStorage  usbd_msc.o
    0x08005052   0x08005052   0x000001c4   Code   RO         3818    i.USBD_MSC_Setup    usbd_msc.o
    0x08005216   0x08005216   0x00000028   Code   RO         3661    i.USBD_ParseSetupRequest  usbd_ctlreq.o
    0x0800523e   0x0800523e   0x00000010   Code   RO         3531    i.USBD_RegisterClass  usbd_core.o
    0x0800524e   0x0800524e   0x00000006   Code   RO         3532    i.USBD_RunTestMode  usbd_core.o
    0x08005254   0x08005254   0x0000005a   Code   RO         3662    i.USBD_SetAddress   usbd_ctlreq.o
    0x080052ae   0x080052ae   0x00000022   Code   RO         3533    i.USBD_SetClassConfig  usbd_core.o
    0x080052d0   0x080052d0   0x000000e8   Code   RO         3663    i.USBD_SetConfig    usbd_ctlreq.o
    0x080053b8   0x080053b8   0x00000018   Code   RO         3664    i.USBD_SetFeature   usbd_ctlreq.o
    0x080053d0   0x080053d0   0x0000000e   Code   RO         3534    i.USBD_Start        usbd_core.o
    0x080053de   0x080053de   0x000000a2   Code   RO         3665    i.USBD_StdDevReq    usbd_ctlreq.o
    0x08005480   0x08005480   0x00000238   Code   RO         3666    i.USBD_StdEPReq     usbd_ctlreq.o
    0x080056b8   0x080056b8   0x0000007e   Code   RO         3667    i.USBD_StdItfReq    usbd_ctlreq.o
    0x08005736   0x08005736   0x00000002   Code   RO          625    i.USBD_static_free  usbd_conf.o
    0x08005738   0x08005738   0x0000000c   Code   RO          626    i.USBD_static_malloc  usbd_conf.o
    0x08005744   0x08005744   0x0000044c   Code   RO         1340    i.USB_ActivateEndpoint  stm32l1xx_ll_usb.o
    0x08005b90   0x08005b90   0x0000027c   Code   RO         1344    i.USB_DeactivateEndpoint  stm32l1xx_ll_usb.o
    0x08005e0c   0x08005e0c   0x00000006   Code   RO         1345    i.USB_DevConnect    stm32l1xx_ll_usb.o
    0x08005e12   0x08005e12   0x00000016   Code   RO         1347    i.USB_DevInit       stm32l1xx_ll_usb.o
    0x08005e28   0x08005e28   0x00000014   Code   RO         1348    i.USB_DisableGlobalInt  stm32l1xx_ll_usb.o
    0x08005e3c   0x08005e3c   0x000000da   Code   RO         1349    i.USB_EPClearStall  stm32l1xx_ll_usb.o
    0x08005f16   0x08005f16   0x0000005c   Code   RO         1350    i.USB_EPSetStall    stm32l1xx_ll_usb.o
    0x08005f72   0x08005f72   0x00000b8a   Code   RO         1351    i.USB_EPStartXfer   stm32l1xx_ll_usb.o
    0x08006afc   0x08006afc   0x00000012   Code   RO         1352    i.USB_EnableGlobalInt  stm32l1xx_ll_usb.o
    0x08006b0e   0x08006b0e   0x00000002   PAD
    0x08006b10   0x08006b10   0x00000010   Code   RO          278    i.USB_HP_IRQHandler  stm32l1xx_it.o
    0x08006b20   0x08006b20   0x00000010   Code   RO          279    i.USB_LP_IRQHandler  stm32l1xx_it.o
    0x08006b30   0x08006b30   0x00000008   Code   RO         1353    i.USB_ReadInterrupts  stm32l1xx_ll_usb.o
    0x08006b38   0x08006b38   0x0000004a   Code   RO         1354    i.USB_ReadPMA       stm32l1xx_ll_usb.o
    0x08006b82   0x08006b82   0x0000000e   Code   RO         1356    i.USB_SetDevAddress  stm32l1xx_ll_usb.o
    0x08006b90   0x08006b90   0x00000042   Code   RO         1358    i.USB_WritePMA      stm32l1xx_ll_usb.o
    0x08006bd2   0x08006bd2   0x0000000c   Code   RO          970    i.USER_initialize   user_diskio.o
    0x08006bde   0x08006bde   0x00000014   Code   RO          971    i.USER_ioctl        user_diskio.o
    0x08006bf2   0x08006bf2   0x0000001c   Code   RO          972    i.USER_read         user_diskio.o
    0x08006c0e   0x08006c0e   0x0000000c   Code   RO          973    i.USER_status       user_diskio.o
    0x08006c1a   0x08006c1a   0x0000001c   Code   RO          974    i.USER_write        user_diskio.o
    0x08006c36   0x08006c36   0x00000004   Code   RO          280    i.UsageFault_Handler  stm32l1xx_it.o
    0x08006c3a   0x08006c3a   0x00000002   PAD
    0x08006c3c   0x08006c3c   0x00000010   Code   RO         2533    i.__NVIC_GetPriorityGrouping  stm32l1xx_hal_cortex.o
    0x08006c4c   0x08006c4c   0x00000028   Code   RO         2534    i.__NVIC_SetPriority  stm32l1xx_hal_cortex.o
    0x08006c74   0x08006c74   0x00000002   Code   RO           15    i.assert_failed     main.o
    0x08006c76   0x08006c76   0x00000002   PAD
    0x08006c78   0x08006c78   0x0000007c   Code   RO         3085    i.check_fs          ff.o
    0x08006cf4   0x08006cf4   0x00000014   Code   RO         3086    i.chk_chr           ff.o
    0x08006d08   0x08006d08   0x0000007c   Code   RO         3087    i.chk_lock          ff.o
    0x08006d84   0x08006d84   0x00000028   Code   RO         3088    i.clear_lock        ff.o
    0x08006dac   0x08006dac   0x00000032   Code   RO         3089    i.clmt_clust        ff.o
    0x08006dde   0x08006dde   0x0000001a   Code   RO         3090    i.clust2sect        ff.o
    0x08006df8   0x08006df8   0x000000de   Code   RO         3091    i.create_chain      ff.o
    0x08006ed6   0x08006ed6   0x00000002   PAD
    0x08006ed8   0x08006ed8   0x000000e0   Code   RO         3092    i.create_name       ff.o
    0x08006fb8   0x08006fb8   0x00000044   Code   RO         3093    i.dec_lock          ff.o
    0x08006ffc   0x08006ffc   0x00000020   Code   RO          848    i.deselect          mmc_stm32f1_spi.o
    0x0800701c   0x0800701c   0x00000060   Code   RO         3094    i.dir_alloc         ff.o
    0x0800707c   0x0800707c   0x0000006c   Code   RO         3095    i.dir_find          ff.o
    0x080070e8   0x080070e8   0x0000010c   Code   RO         3096    i.dir_next          ff.o
    0x080071f4   0x080071f4   0x0000003c   Code   RO         3098    i.dir_register      ff.o
    0x08007230   0x08007230   0x0000009a   Code   RO         3100    i.dir_sdi           ff.o
    0x080072ca   0x080072ca   0x00000002   PAD
    0x080072cc   0x080072cc   0x00000144   Code   RO          849    i.disk_initialize   mmc_stm32f1_spi.o
    0x08007410   0x08007410   0x000002b8   Code   RO          850    i.disk_ioctl        mmc_stm32f1_spi.o
    0x080076c8   0x080076c8   0x00000094   Code   RO          851    i.disk_read         mmc_stm32f1_spi.o
    0x0800775c   0x0800775c   0x00000014   Code   RO          852    i.disk_status       mmc_stm32f1_spi.o
    0x08007770   0x08007770   0x00000040   Code   RO          853    i.disk_timerproc    mmc_stm32f1_spi.o
    0x080077b0   0x080077b0   0x000000b8   Code   RO          854    i.disk_write        mmc_stm32f1_spi.o
    0x08007868   0x08007868   0x00000028   Code   RO         3101    i.enq_lock          ff.o
    0x08007890   0x08007890   0x0000002c   Code   RO         3102    i.f_close           ff.o
    0x080078bc   0x080078bc   0x000002b0   Code   RO         3106    i.f_lseek           ff.o
    0x08007b6c   0x08007b6c   0x00000060   Code   RO         3109    i.f_mount           ff.o
    0x08007bcc   0x08007bcc   0x00000230   Code   RO         3110    i.f_open            ff.o
    0x08007dfc   0x08007dfc   0x000001ac   Code   RO         3115    i.f_read            ff.o
    0x08007fa8   0x08007fa8   0x000000a0   Code   RO         3119    i.f_sync            ff.o
    0x08008048   0x08008048   0x000001ee   Code   RO         3122    i.f_write           ff.o
    0x08008236   0x08008236   0x00000002   PAD
    0x08008238   0x08008238   0x00000300   Code   RO         3123    i.find_volume       ff.o
    0x08008538   0x08008538   0x000000a2   Code   RO         3124    i.follow_path       ff.o
    0x080085da   0x080085da   0x000000e0   Code   RO         3125    i.get_fat           ff.o
    0x080086ba   0x080086ba   0x00000004   Code   RO         1031    i.get_fattime       fatfs.o
    0x080086be   0x080086be   0x00000048   Code   RO         3127    i.get_ldnumber      ff.o
    0x08008706   0x08008706   0x00000002   PAD
    0x08008708   0x08008708   0x000000bc   Code   RO         3128    i.inc_lock          ff.o
    0x080087c4   0x080087c4   0x00000028   Code   RO          855    i.init_spi          mmc_stm32f1_spi.o
    0x080087ec   0x080087ec   0x00000026   Code   RO         3129    i.ld_clust          ff.o
    0x08008812   0x08008812   0x00000018   Code   RO         3130    i.ld_dword          ff.o
    0x0800882a   0x0800882a   0x0000000c   Code   RO         3131    i.ld_word           ff.o
    0x08008836   0x08008836   0x00000002   PAD
    0x08008838   0x08008838   0x00000044   Code   RO           16    i.main              main.o
    0x0800887c   0x0800887c   0x00000024   Code   RO         3132    i.mem_cmp           ff.o
    0x080088a0   0x080088a0   0x0000001a   Code   RO         3133    i.mem_cpy           ff.o
    0x080088ba   0x080088ba   0x00000012   Code   RO         3134    i.mem_set           ff.o
    0x080088cc   0x080088cc   0x00000034   Code   RO         3135    i.move_window       ff.o
    0x08008900   0x08008900   0x00000138   Code   RO         3136    i.put_fat           ff.o
    0x08008a38   0x08008a38   0x00000048   Code   RO          856    i.rcvr_datablock    mmc_stm32f1_spi.o
    0x08008a80   0x08008a80   0x0000001a   Code   RO          857    i.rcvr_spi_multi    mmc_stm32f1_spi.o
    0x08008a9a   0x08008a9a   0x0000009a   Code   RO         3140    i.remove_chain      ff.o
    0x08008b34   0x08008b34   0x00000034   Code   RO          858    i.select            mmc_stm32f1_spi.o
    0x08008b68   0x08008b68   0x00000096   Code   RO          859    i.send_cmd          mmc_stm32f1_spi.o
    0x08008bfe   0x08008bfe   0x00000024   Code   RO         3141    i.st_clust          ff.o
    0x08008c22   0x08008c22   0x00000018   Code   RO         3142    i.st_dword          ff.o
    0x08008c3a   0x08008c3a   0x0000000c   Code   RO         3143    i.st_word           ff.o
    0x08008c46   0x08008c46   0x00000002   PAD
    0x08008c48   0x08008c48   0x00000090   Code   RO         3144    i.sync_fs           ff.o
    0x08008cd8   0x08008cd8   0x00000052   Code   RO         3145    i.sync_window       ff.o
    0x08008d2a   0x08008d2a   0x0000003c   Code   RO         3146    i.validate          ff.o
    0x08008d66   0x08008d66   0x00000002   PAD
    0x08008d68   0x08008d68   0x00000030   Code   RO          860    i.wait_ready        mmc_stm32f1_spi.o
    0x08008d98   0x08008d98   0x0000002c   Code   RO          861    i.xchg_spi          mmc_stm32f1_spi.o
    0x08008dc4   0x08008dc4   0x0000004c   Code   RO          862    i.xmit_datablock    mmc_stm32f1_spi.o
    0x08008e10   0x08008e10   0x0000002c   Code   RO          863    i.xmit_spi_multi    mmc_stm32f1_spi.o
    0x08008e3c   0x08008e3c   0x00000024   Data   RO          538    .constdata          usbd_storage_if.o
    0x08008e60   0x08008e60   0x00000021   Data   RO          809    .constdata          system_stm32l1xx.o
    0x08008e81   0x08008e81   0x00000001   PAD
    0x08008e82   0x08008e82   0x0000009c   Data   RO         3148    .constdata          ff.o
    0x08008f1e   0x08008f1e   0x00000017   Data   RO         3968    .constdata          usbd_msc_data.o
    0x08008f35   0x08008f35   0x00000003   PAD
    0x08008f38   0x08008f38   0x00000020   Data   RO         4268    Region$$Table       anon$$obj.o


    Execution Region RW_IRAM1 (Exec base: 0x20000000, Load base: 0x08008f58, Size: 0x000030d0, Max: 0x00008000, ABSOLUTE, COMPRESSED[0x000000c0])

    Exec Addr    Load Addr    Size         Type   Attr      Idx    E Section Name        Object

    0x20000000   COMPRESSED   0x00000008   Data   RW           17    .data               main.o
    0x20000008   COMPRESSED   0x0000004e   Data   RW          451    .data               usbd_desc.o
    0x20000056   COMPRESSED   0x00000002   PAD
    0x20000058   COMPRESSED   0x00000020   Data   RW          539    .data               usbd_storage_if.o
    0x20000078   COMPRESSED   0x00000004   Data   RW          810    .data               system_stm32l1xx.o
    0x2000007c   COMPRESSED   0x0000000d   Data   RW          864    .data               mmc_stm32f1_spi.o
    0x20000089   COMPRESSED   0x00000003   PAD
    0x2000008c   COMPRESSED   0x00000018   Data   RW          975    .data               user_diskio.o
    0x200000a4   COMPRESSED   0x00000014   Data   RW         1033    .data               fatfs.o
    0x200000b8   COMPRESSED   0x0000000c   Data   RW         1497    .data               stm32l1xx_hal.o
    0x200000c4   COMPRESSED   0x00000006   Data   RW         3149    .data               ff.o
    0x200000ca   COMPRESSED   0x00000001   Data   RW         3668    .data               usbd_ctlreq.o
    0x200000cb   COMPRESSED   0x00000001   PAD
    0x200000cc   COMPRESSED   0x000000a2   Data   RW         3819    .data               usbd_msc.o
    0x2000016e   COMPRESSED   0x00000002   PAD
    0x20000170        -       0x00000058   Zero   RW          231    .bss                spi.o
    0x200001c8        -       0x0000029c   Zero   RW          387    .bss                usb_device.o
    0x20000464        -       0x00000200   Zero   RW          450    .bss                usbd_desc.o
    0x20000664        -       0x0000135c   Zero   RW          627    .bss                usbd_conf.o
    0x200019c0        -       0x00000480   Zero   RW         1032    .bss                fatfs.o
    0x20001e40        -       0x00000020   Zero   RW         3147    .bss                ff.o
    0x20001e60        -       0x0000000c   Zero   RW         3446    .bss                ff_gen_drv.o
    0x20001e6c        -       0x00000060   Zero   RW         4142    .bss                c_w.l(libspace.o)
    0x20001ecc   COMPRESSED   0x00000004   PAD
    0x20001ed0        -       0x00000200   Zero   RW            2    HEAP                startup_stm32l151xc.o
    0x200020d0        -       0x00001000   Zero   RW            1    STACK               startup_stm32l151xc.o


==============================================================================

Image component sizes


      Code (inc. data)   RO Data    RW Data    ZI Data      Debug   Object Name

       220         54          0         20       1152       1876   fatfs.o
      6538         84        156          6         32      40868   ff.o
       102          6          0          0         12       1659   ff_gen_drv.o
       320         20          0          0          0       1095   gpio.o
       192         18          0          8          0     376941   main.o
      2176        142          0         13          0      14131   mmc_stm32f1_spi.o
       172         28          0          0         88       1718   spi.o
        64         26        292          0       4608        824   startup_stm32l151xc.o
       194         32          0         12          0       3937   stm32l1xx_hal.o
       564        204          0          0          0      31299   stm32l1xx_hal_cortex.o
      1372        248          0          0          0       3170   stm32l1xx_hal_gpio.o
        92          4          0          0          0        890   stm32l1xx_hal_msp.o
      4198         60          0          0          0      15184   stm32l1xx_hal_pcd.o
        68          0          0          0          0       1198   stm32l1xx_hal_pcd_ex.o
      3252        200          0          0          0       5492   stm32l1xx_hal_rcc.o
      2312        268          0          0          0       7376   stm32l1xx_hal_spi.o
        70         12          0          0          0       4994   stm32l1xx_it.o
      5228          0          0          0          0      17312   stm32l1xx_ll_usb.o
         2          0         33          4          0       1203   system_stm32l1xx.o
        76         16          0          0        668       6045   usb_device.o
       914         34          0          0       4956      15831   usbd_conf.o
       842          0          0          0          0      10095   usbd_core.o
      1944         28          0          1          0      10808   usbd_ctlreq.o
       386        116          0         78        512       6733   usbd_desc.o
       134          0          0          0          0       3888   usbd_ioreq.o
       740         24          0        162          0       9456   usbd_msc.o
       798         10          0          0          0       7449   usbd_msc_bot.o
         0          0         23          0          0        913   usbd_msc_data.o
      2152         14          0          0          0      13543   usbd_msc_scsi.o
       106          4         36         32          0       4902   usbd_storage_if.o
       100          0          0         24          0       3800   user_diskio.o

    ----------------------------------------------------------------------
     35362       1652        576        368      12028     624630   Object Totals
         0          0         32          0          0          0   (incl. Generated)
        34          0          4          8          0          0   (incl. Padding)

    ----------------------------------------------------------------------

      Code (inc. data)   RO Data    RW Data    ZI Data      Debug   Library Member Name

        90          0          0          0          0          0   __dczerorl2.o
         8          0          0          0          0         68   __main.o
         0          0          0          0          0          0   __rtentry.o
        12          0          0          0          0          0   __rtentry2.o
         6          0          0          0          0          0   __rtentry4.o
        52          8          0          0          0          0   __scatter.o
        28          0          0          0          0          0   __scatter_zi.o
        18          0          0          0          0         80   exit.o
         6          0          0          0          0        152   heapauxi.o
         0          0          0          0          0          0   indicate_semi.o
         2          0          0          0          0          0   libinit.o
         2          0          0          0          0          0   libinit2.o
         2          0          0          0          0          0   libshutdown.o
         2          0          0          0          0          0   libshutdown2.o
         8          4          0          0         96         68   libspace.o
       238          0          0          0          0        100   lludivv7m.o
        78          0          0          0          0         80   rt_memclr_w.o
       100          0          0          0          0         80   rt_memcpy_w.o
         2          0          0          0          0          0   rtexit.o
        10          0          0          0          0          0   rtexit2.o
        12          4          0          0          0         68   sys_exit.o
        74          0          0          0          0         80   sys_stackheap_outer.o
         2          0          0          0          0         68   use_no_semi.o

    ----------------------------------------------------------------------
       758         16          0          0        100        844   Library Totals
         6          0          0          0          4          0   (incl. Padding)

    ----------------------------------------------------------------------

      Code (inc. data)   RO Data    RW Data    ZI Data      Debug   Library Name

       752         16          0          0         96        844   c_w.l

    ----------------------------------------------------------------------
       758         16          0          0        100        844   Library Totals

    ----------------------------------------------------------------------

==============================================================================


      Code (inc. data)   RO Data    RW Data    ZI Data      Debug   

     36120       1668        576        368      12128     612210   Grand Totals
     36120       1668        576        192      12128     612210   ELF Image Totals (compressed)
     36120       1668        576        192          0          0   ROM Totals

==============================================================================

    Total RO  Size (Code + RO Data)                36696 (  35.84kB)
    Total RW  Size (RW Data + ZI Data)             12496 (  12.20kB)
    Total ROM Size (Code + RO Data + RW Data)      36888 (  36.02kB)

==============================================================================

