<html>
<body>
<pre>
<h1>µVision Build Log</h1>
<h2>Tool Versions:</h2>
IDE-Version: ¦ÌVision V5.29.0.0
Copyright (C) 2019 ARM Ltd and ARM Germany GmbH. All rights reserved.
License Information: C CS, C, LIC=JL28G-VGGF4-KPIZY-IIQ9X-R67JJ-GLQ6H
 
Tool Versions:
Toolchain:       MDK-ARM Plus  Version: 5.29.0.0
Toolchain Path:  C:\Keil_v5\ARM\ARMCC\Bin
C Compiler:      Armcc.exe V5.06 update 6 (build 750)
Assembler:       Armasm.exe V5.06 update 6 (build 750)
Linker/Locator:  ArmLink.exe V5.06 update 6 (build 750)
Library Manager: ArmAr.exe V5.06 update 6 (build 750)
Hex Converter:   FromElf.exe V5.06 update 6 (build 750)
CPU DLL:         SARMCM3.DLL V5.29.0.0
Dialog DLL:      DCM.DLL V1.17.3.0
Target DLL:      STLink\ST-LINKIII-KEIL_SWO.dll V3.0.7.0
Dialog DLL:      TCM.DLL V1.36.5.0
 
<h2>Project:</h2>
H:\Users\caishun\Desktop\USB_SPI_DISL_L151RC\USB_SPI_DISL_L151RC\MDK-ARM\USB_SPI_DISL_L151RC.uvprojx
Project File Date:  01/10/2022

<h2>Output:</h2>
*** Using Compiler 'V5.06 update 6 (build 750)', folder: 'C:\Keil_v5\ARM\ARMCC\Bin'
Build target 'USB_SPI_DISL_L151RC'
compiling usbd_desc.c...
compiling usbd_core.c...
compiling usb_device.c...
compiling usbd_storage_if.c...
compiling usbd_conf.c...
compiling main.c...
compiling usbd_ctlreq.c...
compiling usbd_msc_data.c...
compiling usbd_ioreq.c...
compiling usbd_msc_scsi.c...
compiling usbd_msc.c...
compiling usbd_msc_bot.c...
linking...
Program Size: Code=36120 RO-data=576 RW-data=368 ZI-data=12128  
FromELF: creating hex file...
"USB_SPI_DISL_L151RC\USB_SPI_DISL_L151RC.axf" - 0 Error(s), 0 Warning(s).

<h2>Software Packages used:</h2>

Package Vendor: ARM
                http://www.keil.com/pack/ARM.CMSIS.5.7.0.pack
                ARM.CMSIS.5.7.0
                CMSIS (Cortex Microcontroller Software Interface Standard)
   * Component: CORE Version: 5.4.0

Package Vendor: Keil
                http://www.keil.com/pack/Keil.STM32L1xx_DFP.1.2.0.pack
                Keil.STM32L1xx_DFP.1.2.0
                STMicroelectronics STM32L1 Series Device Support and Examples

<h2>Collection of Component include folders:</h2>
  .\RTE\_USB_SPI_DISL_L151RC
  I:\Keil_v5\Arm\Packs\ARM\CMSIS\5.7.0\CMSIS\Core\Include
  I:\Keil_v5\Arm\Packs\Keil\STM32L1xx_DFP\1.2.0\Device\Include

<h2>Collection of Component Files used:</h2>

   * Component: ARM::CMSIS:CORE:5.4.0
      Include file:  CMSIS\Core\Include\tz_context.h
Build Time Elapsed:  00:00:10
</pre>
</body>
</html>
